LD 0x7C800200
LD 0x7C800080
LD 0x7C8001C0
LD 0x7C800340
LD 0x7D400000
ST 0x7CC00200
ST 0x3AB4B3440
LD 0x5CE788740
ST 0x7D800300
LD 0x7CC002C0
LD 0x157FA7480
LD 0x1C8DBC280
LD 0x7CC00180
LD 0x671E92480
LD 0x7CC00200
LD 0x7CC00280
LD 0x2CF3A1040
LD 0x7D800280
ST 0x7D400380
LD 0x7CC00200
LD 0x7CC002C0
LD 0x50D88FC80
LD 0x7C800340
LD 0x7CC00380
LD 0x111B23A80
LD 0x7C800140
LD 0x6BBE986C0
ST 0x7CC00180
LD 0x54AAA0040
LD 0x7CC00240
ST 0x7CC00080
ST 0x7C800100
LD 0x7CC00200
LD 0x7D800180
LD 0x7CC002C0
ST 0x7C8001C0
ST 0x7CC001C0
LD 0x172887500
LD 0x7C8003C0
LD 0x7D8003C0
ST 0x7CC000C0
LD 0x7CC00380
ST 0x7CC000C0
ST 0x7619137C0
LD 0x7CC00200
ST 0x19478E2C0
ST 0x7AA090780
LD 0x7C800300
LD 0x7C800300
ST 0x49DE39200
LD 0x7D800040
ST 0x7CC00140
LD 0x7D400080
LD 0x7C8000C0
LD 0x7CC00040
LD 0x7CC00280
LD 0x7CC001C0
LD 0x7CC00380
ST 0x18EA004C0
LD 0x7C8002C0
LD 0x3EED391C0
LD 0x5DEB20400
ST 0x7D400200
LD 0x7CC00200
LD 0x7C800200
ST 0x7D800040
LD 0x7C800000
LD 0x7D800140
ST 0x7CC00000
LD 0x681284C40
ST 0x7C800100
LD 0x7D800040
LD 0x7C8000C0
LD 0x7D400100
LD 0x7C800140
LD 0x7CC00280
LD 0x7CC001C0
LD 0x1D778C3C0
LD 0x7D400380
LD 0x2CC097200
LD 0x7C800200
LD 0x7CC00280
LD 0x7D800140
LD 0x1486B3780
ST 0x477A13B00
ST 0xFD5B64C0
LD 0x7C800280
LD 0x7D800240
ST 0x7CC00100
LD 0x7CC00140
LD 0x7CC00000
LD 0x7D400280
LD 0x7C8003C0
ST 0x6DD3056C0
LD 0x7CC00080
ST 0x65BD19EC0
LD 0x7D800080
LD 0x594F36380
LD 0x7CC00000
LD 0x1D451D980
LD 0x7CC001C0
LD 0x7C800380
LD 0x5BD7BA240
LD 0x503FBDA40
LD 0x4C619E640
LD 0x7D4003C0
LD 0x7C800240
ST 0x7D400080
ST 0x7CC00180
ST 0x7CC00340
LD 0x417BB0A00
LD 0x35DBBC780
ST 0x7602170C0
LD 0x7CC00300
ST 0x1FF600DC0
ST 0x7D400140
LD 0x7C800280
LD 0x333D8D7C0
LD 0x16490B300
ST 0x7D4001C0
LD 0x7C800100
LD 0x7D800380
LD 0x251B93A80
LD 0x7C800240
ST 0x3FAB1CB00
LD 0x7CC000C0
LD 0x7CC000C0
LD 0x7C800340
LD 0x7CC00000
LD 0x1D21BDDC0
LD 0x7CC00200
LD 0x72C63F780
LD 0x7C8001C0
LD 0x7D4001C0
ST 0x7CC00280
LD 0x26E52F980
LD 0x7D400200
LD 0x7C8001C0
LD 0x7D4003C0
LD 0x7D400080
LD 0x7C8002C0
LD 0x7CC00280
ST 0x7C8001C0
ST 0x7C800140
ST 0x3304990C0
LD 0x7C800100
LD 0x567719580
LD 0x1CC2A0640
LD 0x7C800040
ST 0x1E3A32140
LD 0x7C800100
LD 0x1A84B7F00
ST 0x2C823C2C0
LD 0x7CC00040
ST 0x714316A40
ST 0x7C800080
LD 0x7CC003C0
ST 0x7CC00380
LD 0x7C800180
LD 0x7CC00200
LD 0x7C800240
LD 0x3490BE0C0
LD 0x7D8003C0
LD 0x7D400280
LD 0x7C800000
LD 0x7C800040
LD 0x7CC00380
LD 0x7CC003C0
LD 0x7CC00280
ST 0x39D73D2C0
LD 0x77C2012C0
LD 0x7D800300
ST 0xFC60EC80
LD 0x7D400380
LD 0x7CC00240
LD 0x7C8001C0
ST 0x7C800340
LD 0x1E249EC40
LD 0x50C238BC0
ST 0x7CC00300
LD 0x7CC00100
LD 0x7D400340
LD 0x31D1A0140
LD 0x7CC00100
LD 0x7C800300
LD 0x7C8001C0
LD 0x7D400040
LD 0x7D800300
LD 0x7D400100
LD 0x7CC00280
ST 0x47FAB3300
ST 0x7D400100
LD 0x318EBAD40
LD 0x7CB9BC280
LD 0x7C800240
LD 0x472F83240
LD 0x7D800040
ST 0x7CC00340
ST 0x7CC00140
LD 0x7D4001C0
LD 0x7C800200
LD 0x7D400380
LD 0x7C800380
LD 0x35EB2D900
ST 0x7D8003C0
LD 0x7CC00240
LD 0x7D800300
LD 0x7CC00040
LD 0x7A3B99280
LD 0x7CC00200
LD 0x640304600
ST 0x7C800380
LD 0x7C800240
LD 0x7C8002C0
LD 0x79EDB5400
LD 0x7D4000C0
LD 0x7D4001C0
ST 0x427CBBB40
LD 0x7CC00200
LD 0x3F2F13740
LD 0x7D800280
LD 0x7C800380
ST 0x7CC00100
ST 0x7D8000C0
LD 0x20FE2C6C0
LD 0x54C69D680
LD 0x7D400340
LD 0x7CC00180
LD 0x3E0F232C0
ST 0x3D8A21F00
ST 0x7D400380
ST 0x7CC00000
ST 0x7D800180
LD 0x2A2796E80
LD 0x7D800000
ST 0x204398040
LD 0x207D90780
LD 0x7C800100
LD 0x7CC003C0
LD 0x7CC00380
ST 0x152E09A40
LD 0x7CC000C0
ST 0x190992940
LD 0x7CC00280
ST 0x7C800340
LD 0x7CCA36E00
LD 0x7D400300
LD 0x7CC00200
ST 0x7D800080
LD 0x7CC002C0
LD 0x7CC00280
LD 0x7D400340
LD 0x347189FC0
LD 0x7CC001C0
LD 0x7CC000C0
LD 0x7D400000
ST 0x7CC00000
ST 0x372D8ADC0
ST 0x7CC00080
LD 0x7C800180
LD 0x7C800240
ST 0x584492B40
LD 0x7CC00200
LD 0x7CC00340
ST 0x1E320B080
ST 0x7CC00240
LD 0x7CC00000
ST 0x71DBA4640
ST 0x7CC00340
ST 0x7CC002C0
LD 0x1508BDF40
LD 0x5952BDBC0
LD 0x7C800000
LD 0x7D800380
ST 0x1AE78DF80
LD 0x7CC00300
ST 0x2BFF9AA80
LD 0x7CC00180
LD 0x7CC00100
LD 0x7C800100
LD 0x7C8003C0
LD 0x7CC00280
LD 0x7C800080
LD 0x7D400040
ST 0x7CC00040
LD 0x1972B2E00
LD 0x7D400040
LD 0x630DB6040
LD 0x494BA34C0
LD 0x7CC00040
LD 0x7CC00140
LD 0x4137AD140
ST 0x7CC00280
LD 0x7CC00240
LD 0x5CC584CC0
ST 0x7C800300
LD 0x1A7AB9E80
LD 0x7C800080
LD 0x7CC002C0
LD 0x3B5D1F8C0
LD 0x7C8000C0
LD 0x7CC00040
ST 0x5EBAB4300
LD 0x7CC00140
LD 0x7CC001C0
LD 0x7D400380
LD 0x7D8003C0
LD 0x7CC00380
LD 0x7CC00340
ST 0x762FA46C0
LD 0x7CC000C0
LD 0x7C800080
LD 0x7D800100
LD 0x7D800380
ST 0x44BA21B40
LD 0x3F9CA72C0
ST 0x62D39AB80
LD 0x7D400100
ST 0x7CC00080
ST 0x7C800340
LD 0x7C800040
ST 0x7CC00080
LD 0x5C0310840
LD 0x7C8002C0
LD 0x7CC00080
LD 0x7D800000
LD 0x7CC002C0
LD 0x7D4002C0
ST 0x7C800280
LD 0x7C800140
LD 0x7D8003C0
ST 0x17B0AEA40
LD 0x14FDBA180
LD 0x7C800180
LD 0x15BD8A9C0
LD 0x7CC00380
LD 0x7D8003C0
LD 0x7D400200
LD 0x19BA9DC40
LD 0x7C800240
LD 0x7CC00380
LD 0x7D4002C0
ST 0x7CC00040
LD 0x7CC00140
ST 0x7CC00380
LD 0x7D4002C0
LD 0x13C734E80
LD 0x7D400100
LD 0x7CC001C0
LD 0x7C800300
LD 0x7D400380
LD 0x7CC003C0
LD 0x7C800140
LD 0x7C800280
LD 0x560599480
LD 0x6143A5900
LD 0x7C800100
LD 0x7CC002C0
LD 0x203CA2C00
LD 0x4CE7BD240
LD 0x7D800080
LD 0x7C800140
LD 0x7CC00040
LD 0x7C800140
ST 0x3BEB89140
LD 0x7CC00100
LD 0x7C800140
LD 0x7C800280
ST 0x7D400000
LD 0x725318780
LD 0x7CC003C0
LD 0x7CC00240
ST 0x674DBCFC0
LD 0x7CC003C0
LD 0x7C800280
LD 0x42ABA42C0
LD 0x7C8000C0
LD 0x7C800240
LD 0x452797F00
LD 0x6BED1A000
LD 0x7CC00240
LD 0x7CC00380
LD 0x7CC00040
LD 0x7D4003C0
LD 0x7C800100
LD 0x71658CE40
ST 0x7C800240
LD 0x7D400200
LD 0x7CC00100
LD 0x7D400280
LD 0x7C800300
LD 0x7C800280
LD 0x7C800100
LD 0x7C800240
LD 0x7CC003C0
LD 0x7D4002C0
LD 0x7CC00240
ST 0x67B2B0D80
LD 0x7D8001C0
ST 0x7C800300
ST 0x7C8000C0
LD 0x7CC00340
LD 0x7D4003C0
LD 0x179A94680
LD 0x4CD99C0C0
LD 0x7CC00200
LD 0x7C800240
LD 0x35BB193C0
LD 0x7CC00200
LD 0x7CC00300
ST 0x769D84AC0
LD 0x3BF72E240
LD 0x7D400200
LD 0x7C8001C0
ST 0x7CC001C0
LD 0x7CC000C0
LD 0x7D800140
LD 0x4C831F440
LD 0x7C800040
LD 0x7CC00040
LD 0x7D400140
ST 0x7D4003C0
LD 0x34ACA1300
LD 0x7D800240
LD 0x7CC00100
LD 0x7C8000C0
ST 0x629B18380
ST 0x7C800180
ST 0x4386ADAC0
LD 0x7C800100
LD 0x107E18580
LD 0x7C800000
LD 0x7C8000C0
LD 0x7CC00240
LD 0x7D8002C0
LD 0x7C800100
LD 0x3F733D4C0
LD 0x794F96FC0
LD 0x7D400380
ST 0x7D8000C0
ST 0x7CC00100
LD 0x482F13B80
LD 0x7D400380
LD 0x7CC00380
LD 0x7CC00240
LD 0x7D400180
LD 0x7C800080
ST 0x7D4003C0
LD 0x7D400340
LD 0x490A0C140
ST 0x7CC002C0
LD 0x41EF14100
LD 0x35D33ED00
ST 0x2F4D9EBC0
LD 0x6C6CB39C0
ST 0x11A107B00
LD 0x7CC00040
LD 0x7CC00180
LD 0x218D29400
LD 0x78612A400
ST 0x525A27100
LD 0x7CC00140
LD 0x7CC002C0
LD 0x7D400280
LD 0x7C800140
LD 0x7D400240
LD 0x7CC00040
ST 0x56F614480
LD 0x7C800380
ST 0x7CC00180
LD 0x7CC00040
LD 0x7D400180
LD 0x3A3C99B00
LD 0x1EA51F500
LD 0x7C800240
LD 0x7CC00200
LD 0x4B47B3240
LD 0x7C800280
ST 0x7C800100
LD 0x7CC00340
LD 0x7C8001C0
LD 0x7CC00200
LD 0x7CC003C0
ST 0x3CB535680
LD 0x61C681E00
LD 0x7D400040
ST 0x7D4001C0
LD 0x7C800380
LD 0x7CC003C0
ST 0x7CC00340
ST 0x7C800240
ST 0x65E79DC40
LD 0x7C800180
ST 0x7CC00300
ST 0x4A6317C80
LD 0x19F0B1000
LD 0x7C800000
LD 0x7D400280
LD 0x1BD5115C0
ST 0x7CC00200
ST 0x7D800040
LD 0x11A296A00
LD 0x429992740
LD 0x7D400280
ST 0x74CEA2800
LD 0x7D400280
ST 0x7CC00280
LD 0x7D8003C0
LD 0x7CC00140
LD 0x7C800240
LD 0x1A2138900
LD 0x7CC00280
LD 0x7D800380
LD 0x7C800140
ST 0x7CC000C0
LD 0x7C800280
LD 0x7CC00080
LD 0x7D8001C0
LD 0x7CC00100
LD 0x7C800140
LD 0x7CC00080
LD 0x6BE69FDC0
LD 0x7C800300
LD 0x7D400280
LD 0x7D400100
LD 0x7CC003C0
LD 0x387B39500
LD 0x3955BC080
LD 0x293305C00
LD 0x7CC00380
ST 0x187B3D140
LD 0x7C800100
LD 0x1916BE5C0
LD 0x7D800340
LD 0x3DA492B80
LD 0x7CC00040
LD 0x7CC00280
LD 0x7C800200
LD 0x570E27100
LD 0x5AF584D00
ST 0x7D800080
LD 0x21C1AB240
ST 0x7CC003C0
ST 0x4988AA340
LD 0x12870AF80
LD 0x7D8001C0
LD 0x7C800340
ST 0x7CC00140
LD 0x7CC00180
LD 0x7C800180
LD 0x772682000
LD 0x7CC00180
LD 0x7D400280
LD 0x7CC002C0
LD 0x7C800240
ST 0x7CC00280
LD 0x7C800100
LD 0x7C800300
LD 0x7CC00140
LD 0x7C800280
LD 0x7D400000
LD 0x7CC003C0
LD 0x7CC00380
LD 0x7C8001C0
LD 0x7CC00140
LD 0x7D4003C0
LD 0x7C8002C0
LD 0x70E69E1C0
LD 0x7D4001C0
LD 0x493188680
LD 0x72E527940
LD 0x7CC00100
LD 0x76BAA1E40
LD 0x7C800240
ST 0x7D4000C0
LD 0x444D91E40
LD 0x7C800280
LD 0x662E1C900
ST 0x7CC00380
LD 0x720A22F80
LD 0x49D18F9C0
LD 0x1B8F2EA80
LD 0x428A16F80
LD 0x7C800100
ST 0x7C800040
ST 0x7D400000
ST 0x481CBE980
ST 0x7C800240
ST 0x32B322FC0
ST 0x7D800140
LD 0x7CC001C0
LD 0x7C800180
ST 0x7C800380
LD 0x7D400340
LD 0x7C800080
ST 0x7C800240
ST 0x700714400
LD 0x7CC00140
LD 0x600634D80
LD 0x7C8000C0
LD 0x7D800280
LD 0x7CC001C0
LD 0x7CC00000
LD 0x7C800180
LD 0x7C8001C0
LD 0x7CC00080
LD 0x3DD93A200
LD 0x7CC00140
ST 0x723882540
LD 0x7D800300
LD 0x7CC00340
LD 0x7CC00100
LD 0x7CC00180
LD 0x7C800080
ST 0x7D8001C0
LD 0x7CC00380
ST 0x7CC00140
LD 0x6969305C0
ST 0x7D400200
LD 0x7D400200
LD 0x7D400280
LD 0x7C800080
LD 0x7C800140
LD 0x7C8000C0
LD 0x7C800000
ST 0x7CC00100
ST 0x14252D680
LD 0x389388AC0
ST 0x7CC00040
LD 0x1580BCD40
ST 0x3764BA780
LD 0x7CC00240
LD 0x7CC003C0
LD 0x6D6107D80
LD 0x7CC00000
ST 0x7CC00240
LD 0x7C8003C0
LD 0x21D888F40
LD 0x52272D340
LD 0x59F6930C0
LD 0x7CC00040
LD 0x2DEDA9540
LD 0x7D400280
ST 0x7C800180
LD 0x1D9094F80
LD 0x7C8002C0
LD 0x7C800200
LD 0x7D400240
ST 0x7C800280
LD 0x3D2A8CAC0
LD 0x7D800000
ST 0x56C8B7FC0
ST 0x1F2890600
LD 0x3F46A2B00
LD 0x7D800180
ST 0x7C800280
LD 0x161AB5600
ST 0x7C800340
LD 0x7C800200
LD 0x7CC001C0
ST 0x7D4003C0
LD 0x7C800180
LD 0x2F86209C0
ST 0x3BAA2A480
ST 0x7C800200
LD 0x53679B700
LD 0x7CC00200
LD 0x6DF791C80
ST 0x41579B580
LD 0x7D4002C0
LD 0x7CC00100
LD 0x7D8003C0
LD 0x7C800040
LD 0x7CC00000
LD 0x7D400280
ST 0x7BB08A580
LD 0x21C3A38C0
LD 0x7D800300
LD 0x7C800140
LD 0x7CC003C0
LD 0x7D8002C0
LD 0x7C800240
LD 0x7C800000
LD 0x41BD21080
LD 0x2BE613540
ST 0x7C800280
ST 0x1AFA0ABC0
LD 0x7C800200
LD 0x15CA3C580
ST 0x4EBDBC1C0
ST 0x7D4001C0
ST 0x7D400240
ST 0x7C800280
LD 0x7CC00080
LD 0x4D6A10FC0
LD 0x7C800280
LD 0x7CC00200
LD 0x7C800300
LD 0x234981BC0
ST 0x7CC003C0
LD 0x7C800240
LD 0x7C800300
ST 0x318B32E80
ST 0x3EEA05F80
LD 0x7C800200
ST 0x7CC000C0
LD 0x7CC001C0
LD 0x7862BD640
LD 0x7C800300
ST 0x4FE4B4B40
LD 0x2ABD06280
LD 0x475B96740
ST 0x7D800080
LD 0x7CC00200
ST 0x1134BD6C0
LD 0x7CC000C0
LD 0x7C800240
LD 0x443A38700
ST 0x7C800300
LD 0x7CC00040
LD 0x6800B7980
LD 0x1237AACC0
ST 0x68BF93240
LD 0x4855BA440
LD 0x7CC00340
ST 0x3F7E91CC0
ST 0x434384540
LD 0x295101D80
LD 0x69D1A65C0
LD 0x7CC000C0
ST 0x7CC00380
LD 0x5ABD9B300
LD 0x7D400080
LD 0x7C800180
LD 0x7CC00200
LD 0x7D400000
LD 0x7C800000
LD 0x7D800200
LD 0x7C800200
LD 0x7CC00300
LD 0x7D8002C0
LD 0x7C8000C0
LD 0x7C800280
ST 0x7CC00240
LD 0x7C800040
LD 0x5C6F2CEC0
LD 0x6385AFE80
LD 0x7CC00180
LD 0x677B2F380
LD 0x7B3985C80
LD 0x6C7325D80
LD 0x7C800240
LD 0x3F32A8540
LD 0x7C800080
LD 0x7C800300
ST 0x7D400100
ST 0x7CC00380
LD 0x26B622940
LD 0x7CC00000
LD 0x7D400140
LD 0x1AE6B4240
ST 0x7D800300
LD 0x7CC00000
LD 0x539886180
LD 0x7CC002C0
ST 0x7CC00240
LD 0x35CA294C0
LD 0x7C8003C0
ST 0x7D800300
LD 0x7D800180
LD 0x7C8002C0
LD 0x3FA7882C0
ST 0x7C800000
LD 0x7CC000C0
LD 0x7C800000
LD 0x7CC00200
ST 0x453E83580
LD 0x4F5696580
ST 0x29733B740
LD 0x7CC00180
LD 0x7C800000
LD 0x7A890FCC0
LD 0x7CC00200
LD 0x7D800200
LD 0x7C800040
LD 0x7CC00340
ST 0x7D400040
LD 0x7CC00280
LD 0x7CC00080
LD 0x7C800300
LD 0x7CC003C0
ST 0x7D4000C0
LD 0x7BB0B5180
ST 0x7CC00380
LD 0x7CC00000
ST 0x6CB6342C0
LD 0x7C800200
LD 0x7D4001C0
LD 0x7C8000C0
ST 0x4D4F3B100
LD 0x5E1091BC0
ST 0x7CC00140
ST 0x7C800200
LD 0x7CC00300
ST 0x7CC00380
LD 0x7C8003C0
LD 0x7CC00040
LD 0x7C800240
LD 0x7CC00380
LD 0x7C8001C0
LD 0x7D4003C0
LD 0x7CC000C0
LD 0x7C800240
LD 0x7C800140
LD 0x6EA8AD180
LD 0x7D800300
ST 0x2804BAD00
LD 0x7CC000C0
LD 0x7CC00100
LD 0x7CC00340
LD 0x7CC00140
LD 0x7D4000C0
LD 0x7D400300
LD 0x7CC001C0
ST 0x35479E7C0
LD 0x7D400240
LD 0x7C800180
LD 0x7C8002C0
LD 0x7CC00140
LD 0x7C8000C0
LD 0x7CC00340
LD 0x53F7B9240
ST 0x7C800100
LD 0x7C800140
LD 0x7C800040
LD 0x7D400040
LD 0x7CC001C0
LD 0x7C800240
LD 0x7CC00340
ST 0x37A4A1B80
LD 0x485727340
LD 0x7CC00180
LD 0x7CC00140
ST 0x1EE4BC100
ST 0x7C800200
ST 0x7D800040
LD 0x7C800240
LD 0x7CC00280
LD 0x5243922C0
LD 0x7C8001C0
LD 0x7C800240
ST 0x53868F300
LD 0x7C8001C0
LD 0x7C8000C0
LD 0x7C8002C0
LD 0x7CC00240
ST 0x7CC000C0
ST 0x547F003C0
LD 0x7C800340
LD 0x7D400340
LD 0x6F38B4E80
LD 0x7C800140
LD 0x7CC001C0
LD 0x7CC00300
LD 0x7CC00000
LD 0x7D400040
LD 0x7D8000C0
LD 0x7CC00240
LD 0x7CC00000
LD 0x7C800300
LD 0x3561A49C0
ST 0x7D400100
LD 0x7CC00080
LD 0x6C893B000
LD 0x21D915240
LD 0x7C800040
ST 0x55E30EC00
LD 0x7C8003C0
ST 0x7CC001C0
LD 0x7D800280
LD 0x7CC00100
ST 0x7C800340
LD 0x7D400340
LD 0x7CC00280
LD 0x7CC00240
LD 0x7CC00080
LD 0x218986480
LD 0x7C5FB0FC0
LD 0x7C800200
ST 0x4C0DB4C00
LD 0x6D79394C0
LD 0x7CC00000
LD 0x76DF954C0
LD 0x7D800100
LD 0x7CC001C0
ST 0x7C8001C0
LD 0x7D8002C0
ST 0x159321440
LD 0x60BBA8C00
LD 0x7CC00300
LD 0x7D400200
LD 0x51B9ACFC0
LD 0x7CC00100
LD 0x7CC00200
LD 0x7CC000C0
LD 0x7C8000C0
LD 0x7C800140
LD 0x7C800100
LD 0x7CC00040
LD 0x7C800140
LD 0x7D800000
LD 0x78C099100
LD 0x4D4535740
ST 0x78A6A5D00
LD 0x7D800080
LD 0x7C800180
LD 0x673B9D6C0
LD 0x7D800040
LD 0x7D400080
LD 0x7CC00000
LD 0x62BABDCC0
LD 0x7CC001C0
LD 0x7D4002C0
ST 0x711A13200
ST 0x1A5AB9100
LD 0x7CC00000
LD 0x7C800180
LD 0x7CC00100
LD 0x7C800340
LD 0x7D800300
ST 0x7D4003C0
LD 0x7CC00240
LD 0x429784680
ST 0x7CC00140
ST 0x7D400040
LD 0x104F92E80
LD 0x7C800200
LD 0x7C800300
LD 0x7CC00240
LD 0x7D800140
ST 0x7C800240
LD 0x50FA97680
ST 0x7CC00140
LD 0x7CC00300
LD 0x7C800080
LD 0x7CC002C0
LD 0x2C9636380
LD 0x7CC000C0
LD 0x7C8000C0
LD 0x547B38000
LD 0x7D400280
LD 0x7CC00000
LD 0x7CC001C0
LD 0x7C8002C0
LD 0x7D4001C0
ST 0x7CC00280
LD 0x4C9D9A080
LD 0x7D800180
LD 0x7CC00200
ST 0x7C8002C0
LD 0x7D8003C0
LD 0x54EFB1580
LD 0x7D400200
LD 0x510E18F40
LD 0x7CC00340
LD 0x7CC00300
LD 0x4A2733D80
LD 0x7CC00300
ST 0x7CC00200
LD 0x7C800280
LD 0x7C8002C0
LD 0x7CC00100
LD 0x7D400200
ST 0x7D400180
ST 0x22C78F200
LD 0x7D800280
LD 0x7CC00040
LD 0x7C800200
LD 0x7CC00280
LD 0x7CC00200
LD 0x7CC00180
LD 0x7CC00240
LD 0x7CC00380
LD 0x7C800100
LD 0x7D800340
ST 0x7D400080
LD 0x7C800240
LD 0x7CC00380
ST 0x6F5A1E680
LD 0x7CC00200
ST 0x19DD36BC0
ST 0x7D400040
ST 0x7D400080
LD 0x7C800300
ST 0x7C800100
LD 0x134B211C0
LD 0x7CC00200
LD 0x7D800140
LD 0x7CC00340
LD 0x7C8002C0
LD 0x7C800240
LD 0x7C800000
LD 0x2111BB000
LD 0x7CC003C0
LD 0x75C2995C0
LD 0x7C800340
LD 0x7CC00300
LD 0x7C8001C0
LD 0x5E1DA8B00
LD 0x26F9845C0
ST 0x7C8003C0
ST 0x7C800000
LD 0x7C800380
LD 0x7C8003C0
LD 0x7D4003C0
ST 0x7D400280
ST 0x2251B1C80
LD 0x7C800200
ST 0x1F3E37F40
LD 0x291F0EBC0
LD 0x4C272C700
LD 0x7CC000C0
LD 0x7C800040
LD 0x7C800340
LD 0x7C8000C0
LD 0x7D8003C0
ST 0x7D4001C0
ST 0x7CC00040
ST 0x7CC000C0
LD 0x7D8002C0
LD 0x7C800300
LD 0x7D4003C0
ST 0x7CC003C0
LD 0x7C800380
LD 0x569895200
LD 0x54F20BBC0
LD 0x7CC00000
LD 0x7CC00280
ST 0x7CC00300
LD 0x7D400100
ST 0x7CC000C0
ST 0x7C800100
ST 0x7C800180
LD 0x7D4003C0
LD 0x306191900
LD 0x7D800180
LD 0x7A22028C0
LD 0x44DF8BCC0
LD 0x7C800080
ST 0x7C8000C0
LD 0x7CC00180
LD 0x7CC00140
LD 0x7CC002C0
LD 0x464913540
LD 0x7CC00380
LD 0x560BAA600
LD 0x7D400280
LD 0x7C800200
LD 0x7D800000
LD 0x5BE290840
LD 0x7C8001C0
LD 0x7D400200
ST 0x7CC00100
LD 0x7C800200
ST 0x7C800240
LD 0x7D800080
LD 0x25C38F9C0
ST 0x7CC00300
LD 0x7D4002C0
LD 0x7D8000C0
LD 0x7CC00000
LD 0x7C800040
ST 0x7C8001C0
LD 0x7D800380
LD 0x7C800340
LD 0x7C800080
LD 0x55C98CC40
LD 0x7CC00100
LD 0x7CC00180
ST 0x52B907E00
ST 0x7CC00080
LD 0x7CC00180
ST 0x7C800240
LD 0x7D400380
ST 0x7D8001C0
ST 0x7D400080
LD 0x7D800100
LD 0x11630AFC0
LD 0x7C800180
LD 0x7C8003C0
ST 0x689A00940
ST 0x7C800200
LD 0x7C800300
LD 0x7D8002C0
LD 0x7D400300
LD 0x7D8000C0
ST 0x7CC00080
ST 0x7CC00000
LD 0x36A63AAC0
LD 0x7CC002C0
LD 0x7D800200
LD 0x7D400000
LD 0x2C7DB4D80
LD 0x7CC001C0
LD 0x7CC00240
LD 0x7CC00180
LD 0x7CC00180
LD 0x7CC00100
LD 0x723314A40
ST 0x7D8000C0
LD 0x2243A0F00
LD 0x7CC00380
ST 0x612518C00
LD 0x7D400200
LD 0x7CC001C0
ST 0x7CC003C0
LD 0x4BA13BF40
LD 0x7C800040
LD 0x32291D340
LD 0x7D800380
LD 0x7C800380
LD 0x7D400300
LD 0x7D800040
LD 0x7D400040
LD 0x7CC00040
ST 0x7CC00040
LD 0x7D400240
LD 0x7CC00040
ST 0x4AF48E740
LD 0x7D400100
LD 0x7C800380
LD 0x2978AE8C0
LD 0x7CC00140
LD 0x7C800380
LD 0x7CC00140
LD 0x7D400280
ST 0x7C800100
ST 0x4555B9D80
ST 0x7D400180
LD 0x11323EAC0
LD 0x7D4001C0
ST 0x7CC00380
LD 0x7C800200
ST 0x7D400040
LD 0x7C800100
LD 0x7D400240
ST 0x7C800140
LD 0x7CC00140
LD 0x3DB8A1240
LD 0x789FB2280
LD 0x7CC000C0
LD 0x7CC00180
LD 0x7C800080
LD 0x7D800240
LD 0x30DD3B500
LD 0x7CC00140
ST 0x7C800180
LD 0x7CC000C0
LD 0x7CC00340
ST 0x7CC00180
LD 0x7C800080
ST 0x7C800000
LD 0x7CC00000
LD 0x7D4003C0
LD 0x624614580
LD 0x545A3AB80
LD 0x7CC00280
LD 0x7CC00280
LD 0x3CE1221C0
LD 0x7CC00140
LD 0x7CC00240
ST 0x7C800340
ST 0x3F33AE740
LD 0x7C800040
LD 0x486FB0CC0
LD 0x7C8003C0
LD 0x7D400100
LD 0x7D800100
ST 0x7CC000C0
LD 0x6791B2C80
ST 0x7D400240
ST 0x616596B40
LD 0x7C800380
ST 0x7C8000C0
LD 0x7CC00180
LD 0x7C800240
LD 0x7C800280
ST 0x7C800040
LD 0x7CC00140
LD 0x6032AE440
LD 0x6AE3B2800
ST 0x7D400380
LD 0x7CC00380
ST 0x2205B8400
ST 0x39EA3A640
LD 0x7CC00380
LD 0x7C800100
LD 0x7CC000C0
LD 0x7D400380
LD 0x7CC00140
LD 0x7C800340
ST 0x7D4001C0
ST 0x7CC003C0
LD 0x7C8000C0
LD 0x7D800080
LD 0x7CC00300
LD 0x7C800180
LD 0x704390000
ST 0x7C800380
LD 0x7C800240
LD 0x6B808B040
ST 0x7D400240
ST 0x166F20040
LD 0x7C800340
LD 0x7C800300
LD 0x7C800140
LD 0x7CC002C0
ST 0x7D800100
LD 0x7C8003C0
LD 0x210132B40
LD 0x68A29D9C0
LD 0x7D400300
LD 0x7CC003C0
LD 0x7CC00340
LD 0x7C800040
ST 0x1E1F0F680
LD 0x6FB208F00
LD 0x7C800080
LD 0x7CC00040
LD 0x7C800380
LD 0x7CC00340
LD 0x355509400
ST 0x7C800200
LD 0x7C800040
LD 0x7CC00000
LD 0x7CC00200
ST 0x7C800200
LD 0x7C800100
LD 0x7C8001C0
LD 0x13DC9AF80
LD 0x7AD7BFDC0
LD 0x7CC00140
LD 0x3BCB21BC0
LD 0x7C800300
LD 0x7D8001C0
ST 0x4C5D38640
LD 0x49132C380
LD 0x7C8002C0
LD 0x7D800200
LD 0x7C800300
LD 0x7C800180
LD 0x7D800280
LD 0x7D400000
LD 0x7CC002C0
LD 0x7C800000
LD 0x7CC00180
ST 0x7CC000C0
LD 0x7CC00140
LD 0x7C800380
LD 0x7CC00200
LD 0x7CC00280
LD 0x331E31FC0
ST 0x7D800200
LD 0x7D800180
LD 0x7CC00100
LD 0x7CC000C0
LD 0x1CD8811C0
ST 0x7CC003C0
LD 0x7D800300
LD 0x41B6B01C0
LD 0x7CC00080
ST 0x7D8003C0
LD 0x7D800280
LD 0x7CC00080
LD 0x3B27B2900
LD 0x7C800040
LD 0x7C800300
LD 0x7CC00080
ST 0x7C800040
ST 0x5B8637A00
LD 0x7C800380
LD 0x7C800280
LD 0x7C800380
LD 0x544F14C40
LD 0x7C800000
ST 0x157F17C40
LD 0x7D8000C0
ST 0x7CC000C0
LD 0x7CC00080
LD 0x7D400300
LD 0x595994640
LD 0x7C8000C0
LD 0x25229BD40
LD 0x14D4B4440
ST 0x7CC00000
LD 0x6A1639140
LD 0x7CC00380
LD 0x5DC691340
LD 0x7C800240
LD 0x7C8000C0
LD 0x5EDB9B940
ST 0x7C800040
ST 0x67561F2C0
LD 0x16899BA40
ST 0x7D400380
LD 0x546905A00
LD 0x7D400380
LD 0x7C800280
LD 0x7C8001C0
LD 0x3FB0B70C0
LD 0x7CC00180
LD 0x7CC00100
LD 0x7CC00200
LD 0x7CC00040
ST 0x7CC00340
LD 0x7D400140
LD 0x7CC00140
LD 0x7C800340
LD 0x7D8003C0
LD 0x7CC001C0
LD 0x7C800100
LD 0x4518B1680
LD 0x7CC00300
ST 0x78C233200
LD 0x7C800340
ST 0x7C800080
LD 0x7C800380
LD 0x12BE1E8C0
LD 0x7D4002C0
LD 0xFCE22400
LD 0x7D400180
LD 0x7D400040
LD 0x3E34B1A40
LD 0x7CC00140
ST 0x5765268C0
LD 0x7CC00180
ST 0x38A5BB480
LD 0x7C8003C0
LD 0x4BCE29580
ST 0x772532180
ST 0x7C800080
ST 0x7CC003C0
LD 0x7D800000
LD 0x54EE24380
ST 0x125D09540
LD 0x7A7E2ABC0
LD 0x4DDA2E3C0
ST 0x36DBA57C0
ST 0x7C800040
LD 0x7D800140
ST 0x7D800100
LD 0x7D800100
LD 0x7C800040
LD 0x228E1BEC0
LD 0x7C8003C0
LD 0x389CA4FC0
LD 0x7D400100
LD 0x48370AD40
LD 0x217983BC0
ST 0x48B4AB6C0
LD 0x7CC001C0
LD 0x28ACB0B80
LD 0x51213C9C0
LD 0x7D8002C0
ST 0x465E2BD40
LD 0x7C800380
LD 0x7CC00380
LD 0x7CC00140
ST 0x45E10D400
ST 0x7D800280
LD 0x70688C040
LD 0x44AEB5980
ST 0x212536600
LD 0x7D400240
LD 0x7CC00380
ST 0x2355B8640
LD 0x7C800140
LD 0x7C8000C0
LD 0x7D8002C0
LD 0x7D4003C0
ST 0x3F67A08C0
LD 0x7C800100
ST 0x7CC002C0
LD 0x7CC00080
LD 0x271693040
ST 0x7975A9A00
ST 0x7D400000
LD 0x7D400340
LD 0x1CBD16F80
LD 0x572233A40
LD 0x7C800000
LD 0x7CC00380
ST 0x7D400280
LD 0x7CC000C0
ST 0x21D997400
LD 0x460083900
LD 0x151086480
LD 0x7C8000C0
LD 0x7C800000
ST 0x5CA696900
LD 0x7C800200
LD 0x7C8001C0
LD 0x7D400000
LD 0x33B3857C0
LD 0x7C8003C0
ST 0x7CC000C0
LD 0x7CC00180
ST 0x7D400280
LD 0x7C8002C0
LD 0x7C800280
LD 0x7CC00240
ST 0x2C89BD080
LD 0x7D4003C0
LD 0x7C8003C0
ST 0x7CC00080
LD 0x7CC000C0
LD 0x253992100
LD 0x7D8000C0
LD 0x7CC00200
LD 0x42DA3B640
ST 0x7C800380
ST 0x7CC00100
LD 0x79E6022C0
LD 0x7CC00100
LD 0x7D4003C0
LD 0x7CC003C0
LD 0x7D400000
LD 0x7CC000C0
ST 0x7CC00380
LD 0x7CC00240
LD 0x7CC00240
LD 0x7C8003C0
LD 0x7CC003C0
LD 0x7C800200
LD 0x5E97AB480
LD 0x7C8002C0
LD 0x13120AE80
ST 0x44589B3C0
LD 0x7CC00080
ST 0x7C800280
LD 0x7CC00340
LD 0x7CC00280
ST 0x7CC003C0
ST 0x7C800280
LD 0x7D800180
ST 0x746392680
LD 0x7D800300
LD 0x7D8000C0
LD 0x7CC003C0
LD 0x7C800240
LD 0x7CC00280
LD 0x7CC00380
LD 0x7D400140
LD 0x7D800380
LD 0x7D400340
ST 0x1749B6680
LD 0x7CC00240
LD 0x7D400080
ST 0x31CB192C0
ST 0x7CC000C0
LD 0x7D400240
LD 0x7CC00040
LD 0x7C800200
LD 0x7D4003C0
LD 0x7D400280
LD 0x43BB0BA00
LD 0x7B7D047C0
LD 0x7C800200
LD 0x7CC00280
LD 0x7CC001C0
LD 0x7C800180
LD 0x7C800040
LD 0x7D800280
LD 0x7C800200
LD 0x3E172F340
LD 0x7D800040
LD 0x7D8001C0
LD 0x7CC002C0
LD 0x7CC001C0
LD 0x7D800300
ST 0x362392E00
LD 0x24232E080
LD 0x43A181140
LD 0x4BEFAD340
LD 0x789F93340
LD 0x7CC00280
LD 0x7C800140
LD 0x210A10180
LD 0x7C800140
LD 0x71E3B4280
LD 0x7CC00100
ST 0x7D400240
LD 0x7C800300
LD 0x2C5890A80
ST 0x290318600
ST 0x7CC00100
ST 0x7D8000C0
LD 0x7D400380
ST 0x7C800180
LD 0x73BDB8840
LD 0x7C800180
ST 0x7CC00340
LD 0x134D99480
LD 0x3EF08EA80
LD 0x68571CB80
LD 0x6DD888300
LD 0x7D8003C0
LD 0x657CA1740
ST 0x7D8002C0
LD 0x14E195BC0
LD 0x4B88A4380
ST 0x7C800280
LD 0x7D400200
LD 0x33D6A86C0
LD 0x7C8003C0
ST 0x7D400380
LD 0x7C800040
LD 0x7CC000C0
LD 0x14D9BE200
ST 0x7CC00100
LD 0x7D400140
LD 0x78EA98B80
ST 0x52F605C40
ST 0x7C800280
LD 0x7CC00300
ST 0x1D310A580
LD 0x640A2F580
LD 0x7D800380
LD 0x6D9D04200
LD 0x7D400080
ST 0x7C800200
ST 0x42AC92D80
LD 0x3418A4EC0
LD 0x7D400240
LD 0x7CC000C0
LD 0x7CC00300
LD 0x7CC00340
ST 0x7CC00340
LD 0x7D8001C0
LD 0x4F05B2AC0
LD 0x4CC1199C0
LD 0x7C800340
LD 0x7C800040
LD 0x7CC00380
LD 0x7C800200
ST 0x11B733A40
LD 0x7CC00080
LD 0x37CFBE8C0
LD 0x7D800140
LD 0x7D800200
LD 0x7CC00000
LD 0x7CC00380
LD 0x6EE1AF900
ST 0x660BACA00
LD 0x7C800000
LD 0x7C8003C0
ST 0x7CC00180
ST 0x22960F280
ST 0x6E323E3C0
LD 0x7C800240
LD 0x16248AAC0
ST 0x44D72FDC0
LD 0x7CC003C0
LD 0x7C800280
ST 0x7CC003C0
LD 0x7CC00380
LD 0x7C800180
LD 0x7CC00280
LD 0x6B292EFC0
LD 0x7CC002C0
ST 0x7BBA952C0
ST 0x65011F700
LD 0x7C800340
LD 0x7C800040
ST 0x7C800140
LD 0x501381040
LD 0x7C8001C0
LD 0x74178B5C0
LD 0x7D4000C0
LD 0x47AB8EA00
LD 0x5DAB83400
LD 0x7C800180
LD 0x7C800380
LD 0x7D400100
LD 0x7C800180
LD 0x7D4001C0
ST 0x7C800140
LD 0x7D4002C0
LD 0x7D400340
LD 0x7CC00340
ST 0x51B0BB900
ST 0x7D400080
LD 0x7D800140
LD 0x7C800100
LD 0x7CC00240
LD 0x695329BC0
LD 0x7C800100
LD 0x7C800380
LD 0x73AB9CF00
LD 0x7CC00300
LD 0x1FC109140
ST 0x7C800140
LD 0x54BD28440
ST 0x1DC3A1E80
LD 0x7C8000C0
LD 0x7C800280
ST 0x5A11A7780
LD 0x6B2334780
LD 0x7C800180
LD 0x7C800340
LD 0x7C800100
LD 0x7CC00300
LD 0x7CC00200
LD 0x7D8003C0
LD 0x7C800100
LD 0x7D8000C0
LD 0x7C800140
ST 0x7D800340
ST 0x7C800100
LD 0x7CC00240
LD 0x21D0AD7C0
ST 0x7D4003C0
LD 0x7C800040
LD 0x7CC00280
LD 0x7CC00100
LD 0x7CC00380
LD 0x7CC00080
LD 0x7CC001C0
LD 0x7C800380
LD 0x7D400000
LD 0x6A2E89E00
LD 0x7D800040
ST 0x7D400000
ST 0x26A190980
LD 0x59CCAE340
LD 0x7D400000
LD 0x7C800280
LD 0x7D800140
LD 0x7D400100
ST 0x7C800280
ST 0x35C4AC780
ST 0x30A38C040
LD 0x7CC001C0
LD 0x40E983AC0
LD 0x7C800000
LD 0x7D400200
LD 0x7C800100
LD 0x7C800180
LD 0x7CC00140
ST 0x7CC00380
ST 0x79CB19400
LD 0x4D5AA8BC0
LD 0x7CC00180
LD 0x7C800080
LD 0x7C800100
LD 0x46EAA6BC0
ST 0x60EFB85C0
LD 0x7C800180
LD 0x7C800100
LD 0x7CC00000
LD 0x7D4003C0
LD 0x7D400080
LD 0x78170E3C0
LD 0x798A1B740
LD 0x10B623FC0
LD 0x7C800000
ST 0x7CC00180
LD 0x7C8001C0
LD 0x7CC00200
LD 0x5D3096B00
LD 0x7C800200
ST 0x7CC00140
LD 0x7C800200
LD 0x529508C40
LD 0x7CC00200
LD 0xFE30DA80
LD 0x7D400340
LD 0x7CC002C0
LD 0x7CC00040
LD 0x7CC00000
LD 0x7D400000
LD 0x7CC00080
LD 0x7C800080
LD 0x7CC00000
LD 0x7C800200
LD 0x7D800040
LD 0x7C800080
LD 0x7D400380
LD 0x7C800040
ST 0x686392140
ST 0x16A2B9A40
LD 0x7CC00240
LD 0x7CC00340
LD 0x7CC00000
LD 0x7CC000C0
LD 0x73D620D40
LD 0x7C800080
LD 0x58FF24080
LD 0x7CC00140
LD 0x175DB4140
ST 0x7CC00100
LD 0x7C8002C0
ST 0x7CC00100
LD 0x7D400040
LD 0x7C800180
LD 0x7CC00380
LD 0x7CC00280
LD 0x7C800380
LD 0x4F1897040
LD 0x7C8003C0
ST 0x3A0D3C040
ST 0x3E10A0500
LD 0x7C800180
ST 0x3DB091640
LD 0x7D400140
ST 0x7C800000
LD 0x7C800100
LD 0x1DD52AD40
LD 0x7CC00140
ST 0x5F670DE00
LD 0x205D36100
LD 0x7CC001C0
LD 0x5ACFA60C0
LD 0x7C800200
LD 0x5A610FA40
LD 0x5E5532100
LD 0x7CC003C0
LD 0x7CC003C0
LD 0x7C800300
LD 0x62C911280
LD 0x7C800180
ST 0x58C3A5040
LD 0x7D400240
LD 0x7CC00380
LD 0x7CC00340
ST 0x383608BC0
LD 0x7CC002C0
LD 0x7CC00080
ST 0x1C38A3C80
LD 0x7C800280
LD 0x71FD18C80
ST 0x6E50A8580
LD 0x7D800300
LD 0x11271F180
LD 0x7CC00180
LD 0x7D400380
LD 0x7D400280
LD 0x7D800340
ST 0x7CC002C0
LD 0x36BE204C0
LD 0x7CC00300
LD 0x7C800000
LD 0x7C800280
LD 0x5D6E1C800
ST 0x7CC003C0
ST 0x7CC00240
LD 0x7CC00040
ST 0x7C800180
LD 0x33F526940
ST 0x7C800000
ST 0x44350C800
LD 0x7CC00300
LD 0x2041B6940
LD 0x7C800240
LD 0x7CC00200
LD 0x48AFB20C0
LD 0x7C8003C0
LD 0x7CC00240
LD 0x3C0219840
LD 0x7CC00340
ST 0x271A030C0
LD 0x32AB09540
LD 0x2B6E0FC80
LD 0x7C800280
LD 0x7C800040
LD 0x7CC00380
ST 0x28808CB00
LD 0x211B3A740
LD 0x7CC001C0
LD 0x7CC00200
ST 0x7C8000C0
ST 0x7CC00140
LD 0x665538BC0
LD 0x7C800180
LD 0x7CC000C0
ST 0x7C800000
LD 0x7C8001C0
ST 0x7C800340
LD 0x7D400080
ST 0x75A3155C0
LD 0x7D400280
LD 0x7C800300
LD 0x7C8002C0
LD 0x7CC00000
LD 0x7C800200
LD 0x7C800180
ST 0x4F9313400
LD 0x7C800300
LD 0x686994400
ST 0x3850AF6C0
LD 0x49169C3C0
LD 0x115087700
ST 0x708E87C80
LD 0x7C800100
LD 0x7C800380
LD 0x7C800040
ST 0x629389380
LD 0x3B7D07C00
LD 0x7C8001C0
LD 0x7C800380
ST 0x7CC00180
LD 0x29C094040
LD 0x29CA878C0
LD 0x7C800180
LD 0x7C800240
ST 0x2967B8B00
LD 0x42993C140
LD 0x7CC00100
LD 0x122A0C340
ST 0x5BCE94E00
LD 0x7CC00300
ST 0x7C8003C0
LD 0x102BA0680
LD 0x42223BF00
LD 0x18BC8D140
LD 0x7C800340
LD 0x6FD2BB240
LD 0x7C800300
LD 0x2EA4AF480
LD 0x7CC00100
LD 0x7CC00200
ST 0x7CC00140
LD 0x621A0C4C0
LD 0x7CC00340
LD 0x7D800300
LD 0x6FF0A2D80
LD 0x7C800300
ST 0x7C8003C0
LD 0x7CC00340
LD 0x257595A40
LD 0x7C8000C0
LD 0x2760966C0
LD 0x7D800340
ST 0x1D98A5500
LD 0x7C800000
ST 0x7CC000C0
ST 0x7D800040
LD 0x7C800200
LD 0x7C800340
LD 0x7C800280
LD 0x64C20CC00
LD 0x76D0B3340
ST 0x7D400100
LD 0x7CC001C0
LD 0x7CC003C0
ST 0x7C800280
LD 0x7C800280
LD 0x7CC00080
ST 0x4C9333340
ST 0x7C800040
LD 0x36313EF00
LD 0x7CC001C0
LD 0x6410B2DC0
LD 0x7D800280
LD 0x2BD7383C0
ST 0x7CC003C0
LD 0x7D400080
LD 0x7CC00300
ST 0x478D27740
LD 0x7C800180
LD 0x7CC00280
LD 0x7C800040
LD 0x7CC00340
LD 0x7CC00100
ST 0x7C800300
LD 0x3813A4A00
ST 0x7CC00240
LD 0x7D400040
LD 0x7D8000C0
LD 0x59171F4C0
ST 0x3FD7A1E00
LD 0x7C2F07300
LD 0x4E059C880
LD 0x7C8003C0
ST 0x41AEA24C0
LD 0x695C9C980
LD 0x76AFA1B80
LD 0x7C8003C0
LD 0x7C800180
LD 0x7CC000C0
LD 0x22861C0C0
LD 0x7D800140
LD 0x7CC00280
ST 0x5FE10CEC0
LD 0x7C800140
LD 0x7CC00080
LD 0x62DDBC380
LD 0x7C8003C0
ST 0x2C6AB0BC0
LD 0x754E35C80
ST 0x35D0A4000
LD 0x756A05E80
LD 0x73E88FA00
ST 0x7CC000C0
LD 0x7C800380
LD 0x7C800180
ST 0x7C800040
LD 0x7C800140
LD 0xFA187F00
ST 0x7D400380
LD 0x7C8002C0
LD 0x7CC00040
LD 0x7C800180
LD 0x7C8002C0
ST 0x45A6A2600
ST 0x7C800380
LD 0x7CC00100
LD 0x7CC00180
LD 0x7CC00140
LD 0x7D800340
LD 0x2F4D82780
LD 0x7CC00280
ST 0x7C800200
LD 0x32A4B0500
ST 0x7D8000C0
LD 0x36DCAFA80
LD 0x563A88AC0
ST 0x7D800300
ST 0x66621CE00
ST 0x7CC00100
LD 0x7C8002C0
ST 0x7CC00380
ST 0x75D6AEFC0
LD 0x7D8001C0
LD 0x36BFAD000
LD 0x7C8001C0
LD 0x7C800240
LD 0x7D400340
LD 0x21160F580
LD 0x7D800000
LD 0x6F950B080
LD 0x65F507300
LD 0x7CC00040
LD 0x7CC000C0
LD 0x7D4000C0
LD 0x7C800000
LD 0x7C800240
ST 0x519E31200
LD 0x7CC00240
LD 0x7D400140
ST 0x7CC00180
LD 0x7C8000C0
LD 0x7D400200
LD 0x7C800340
LD 0x7C800380
ST 0x7C800340
ST 0x6A6496580
LD 0x7CC00280
LD 0x7C8003C0
LD 0x1ED63D780
ST 0x3936BCC80
LD 0x751510AC0
LD 0x7CC00040
LD 0x7D800000
LD 0x7CC00340
LD 0x7CC001C0
LD 0x7C8001C0
LD 0x7CC000C0
LD 0x7C800100
LD 0x7C800180
LD 0x7CC00080
LD 0x7CC001C0
LD 0x7C800340
LD 0x7C800200
ST 0x2F3C9A3C0
LD 0x7CC00180
ST 0x7CC00340
ST 0x3E298AB00
LD 0x7CC00100
ST 0x3DE12BE40
LD 0x7D400100
ST 0x7C800180
LD 0x7C800280
ST 0x7D400100
LD 0x7CC00200
LD 0x7BEDBB1C0
LD 0x7CC003C0
LD 0x501D20B00
LD 0x7C800040
LD 0x7CC00300
ST 0x7CC00080
ST 0x40CA2C7C0
LD 0x7CC00000
ST 0x49E998480
ST 0x7C8001C0
LD 0x7C800100
LD 0x7C800040
ST 0x7D4000C0
LD 0x7CC002C0
LD 0x55EF18700
LD 0x7C800040
ST 0x7CC00200
LD 0x546B33640
LD 0x7CC00180
ST 0x7C800300
ST 0x7CC002C0
ST 0x7CC00380
LD 0x27CF1FB00
LD 0x7C800140
ST 0x7C800100
ST 0x7D800300
LD 0x7CC00000
LD 0x7C800000
LD 0x7C8001C0
LD 0x7D800000
LD 0x7D400280
LD 0x7C800380
ST 0x7CC001C0
ST 0x7CC000C0
LD 0x7CC000C0
ST 0x21C500080
LD 0x7CC00240
LD 0x40DE13980
LD 0x7D800240
LD 0x7C800080
LD 0x7C800280
LD 0x7C800240
LD 0x7D400200
LD 0x7D800080
LD 0x22A594B00
ST 0x742F8F4C0
ST 0x7CC00100
LD 0x26E5AC500
ST 0x7D800280
LD 0x2F1A3C400
LD 0x7CC001C0
LD 0x7CC001C0
LD 0x7C800000
ST 0x7C8000C0
LD 0x7D400100
LD 0x7D400340
LD 0x16C494680
ST 0x7D8002C0
LD 0x7CC003C0
ST 0x137D94B00
ST 0x7CC00340
LD 0x7CC00240
ST 0x4875806C0
ST 0x13BE958C0
LD 0x66A6AE880
LD 0x7CC00340
LD 0x7C800300
LD 0x7C800040
LD 0x7CC00080
LD 0x7C800300
ST 0x7D400340
ST 0x7C800280
LD 0x7CC00080
LD 0x7D800180
ST 0x7C800200
ST 0x7C8003C0
LD 0x7D800000
LD 0x4295B63C0
LD 0x6991B31C0
ST 0x7CC00100
ST 0x4CAD91300
LD 0x7D400080
LD 0x7C800100
LD 0x7D800280
ST 0x7C800340
LD 0x67091C640
ST 0x7D8003C0
LD 0x7D400240
LD 0x73A602C80
LD 0x7C800080
LD 0x7C800140
LD 0x7D800200
LD 0x7D8000C0
LD 0x7CC00240
LD 0x66BE24200
LD 0x7C800080
LD 0x7C800040
LD 0x7CC001C0
LD 0x7C8000C0
LD 0x7CC00080
LD 0x6545B2FC0
ST 0x7D4000C0
LD 0x426D3DDC0
LD 0x7D8003C0
LD 0x1E4208E80
LD 0x224186D40
LD 0x179FBB900
LD 0x7C800000
ST 0x7C800140
LD 0x7CC00240
LD 0x7CC00180
LD 0x7D400080
ST 0x7D800240
LD 0x7CC003C0
LD 0x68CDBDF80
ST 0x7D400180
LD 0x7CC00280
LD 0x6D9C9A200
ST 0x4F8CBA200
LD 0x494B34040
LD 0x7C800180
LD 0x7C800300
LD 0x7C800000
LD 0x7C800240
LD 0x69233FF80
LD 0x7D400340
LD 0x1E2235A00
LD 0x7C800340
LD 0x67C32DFC0
ST 0x1C5382CC0
LD 0x7D8000C0
LD 0x555B33300
ST 0x6517B9440
LD 0x56389C300
ST 0x3C823ED80
LD 0x7C800240
LD 0x7C800340
ST 0x7D800040
LD 0x7CC00280
ST 0x46AAB7BC0
ST 0x7D400340
LD 0x7D800140
ST 0x7C8001C0
LD 0x502B33C80
LD 0x7C800140
ST 0x7C800340
LD 0x233680E00
LD 0x7CC00380
ST 0x278317A80
LD 0x7C800300
LD 0x7C800100
ST 0x7CC000C0
ST 0x1F55236C0
LD 0x7C8002C0
LD 0x7C800000
LD 0x7CC00180
LD 0x7C800380
LD 0x7C800140
LD 0x7D4000C0
LD 0x4D9120280
LD 0x7C800000
ST 0x2B4C9BAC0
LD 0x7C800100
LD 0x7D8002C0
LD 0x7CC003C0
LD 0x285518000
ST 0x3398AC900
LD 0x7CC00340
LD 0x7CC00280
LD 0x7CC002C0
LD 0x7C800140
LD 0x3005AD1C0
LD 0x7D400340
LD 0x7C8002C0
LD 0x1F45804C0
LD 0x7CC00280
LD 0x7CC00180
LD 0x7C800080
LD 0x7CC00340
LD 0x7C8003C0
ST 0x4588B3D00
LD 0x7CC00000
LD 0x7D400000
ST 0x7D400300
LD 0x7CC00280
LD 0x7C800340
ST 0x7D400300
LD 0x4ED621800
LD 0x7D4000C0
LD 0x1CC500EC0
LD 0x7D800340
LD 0x7CC002C0
LD 0x7C800040
ST 0x1DCD81880
LD 0x7D400300
ST 0x7C800380
LD 0x7C800340
LD 0x7CC001C0
LD 0x7D800280
LD 0x7C800240
LD 0x7D4001C0
ST 0x29F8B27C0
ST 0x7C800300
LD 0x7C800280
LD 0x7CC00100
LD 0x7C8002C0
LD 0x7CC00180
LD 0x7C800140
LD 0x598133440
ST 0x2E6A10840
LD 0x7CC002C0
ST 0x1A621B540
LD 0x7CC00040
LD 0x7C800300
ST 0x7C800300
ST 0x7CC00340
LD 0x7C8000C0
LD 0x7C800200
LD 0x7C800300
LD 0x7CC00200
LD 0x7C800240
LD 0x7C800140
ST 0x4CA799C40
LD 0x7C800280
LD 0x7C8003C0
ST 0x7D800080
LD 0x10DE0B440
LD 0x7C800000
LD 0x7A8E974C0
LD 0x1C6FA9BC0
ST 0x557B383C0
LD 0x7D400240
LD 0x72C0AF7C0
LD 0x124614B80
LD 0x7CC001C0
LD 0x7CC00180
LD 0x7D8000C0
ST 0x66829E600
LD 0x7D400300
LD 0x32FD09E40
LD 0x7A6633EC0
LD 0x3C0889380
LD 0x7CC00100
LD 0x7CC00140
LD 0x7D400000
ST 0x7D4000C0
ST 0x7CC00000
LD 0x7D400100
ST 0x21E206480
LD 0x7D8001C0
LD 0x7CC000C0
LD 0x5C0939F00
LD 0x7CC00180
ST 0x7C800240
LD 0x7CC00140
LD 0x478D33100
LD 0x7CC002C0
LD 0x7CC00340
LD 0x13009D780
ST 0x7C8002C0
ST 0x7CC00240
LD 0x1FBF0CE40
ST 0x51EF8EB80
LD 0x7D8000C0
LD 0x7C8003C0
LD 0x1F2B11B00
LD 0x7D800100
LD 0x7D400240
ST 0x10729F840
LD 0x7CC000C0
LD 0x7C800000
LD 0x7C8000C0
LD 0x7C8001C0
LD 0x7D400380
ST 0x7CC00000
LD 0x63C517B00
LD 0x7CC003C0
LD 0x7CC000C0
ST 0x2295B0E40
LD 0x7CC00040
LD 0x5EF8AE380
ST 0x7CC00200
LD 0x7CC00180
LD 0x419D12000
ST 0x3B0F1EB40
LD 0x3664BC980
ST 0x7CC00200
LD 0x7D8002C0
ST 0x184491700
LD 0x7CC003C0
ST 0x7D4001C0
LD 0x6CD7BC480
LD 0x7C800040
LD 0x7D400000
ST 0x7CC00300
LD 0x7CC00180
LD 0x7C800180
ST 0x7CC00180
LD 0x7D8000C0
LD 0x104BBB800
ST 0x3B3F35EC0
LD 0x7D4002C0
LD 0x7CDF84680
ST 0x7D400080
LD 0x7C8003C0
LD 0x7C8001C0
LD 0x7D400300
ST 0x7D400240
LD 0x7D400240
LD 0x7CC000C0
LD 0x3148A0F40
ST 0x7D400040
LD 0x7CC00040
LD 0x7D800040
LD 0x7CC00080
ST 0x7C800040
LD 0x7C8002C0
ST 0x7D4001C0
LD 0x7D400180
ST 0x66EAB0940
LD 0x68A634000
LD 0x7C8002C0
LD 0x7D8001C0
LD 0x7C800040
ST 0x7CC00040
LD 0x7C800040
ST 0x7D400240
ST 0x7CC00080
LD 0x29FB2FD40
LD 0x4865A9AC0
LD 0x7D400280
LD 0x7C800340
LD 0x7C800180
ST 0x524D97600
LD 0x747894880
ST 0x7CC000C0
LD 0x323AB8E40
LD 0x1747B8EC0
ST 0x40DC9E340
LD 0x7CC00040
LD 0x7D400000
LD 0x3AAB98640
LD 0x7D400340
LD 0x6DC381D00
LD 0x6667B9300
LD 0x720D38500
LD 0x2E1CA4380
LD 0x1A93A7FC0
LD 0x7CC002C0
ST 0x7CC00000
LD 0x7C800200
LD 0x7C800000
LD 0x4D1606F80
LD 0x7D400280
LD 0x7C800200
ST 0x7C800140
LD 0x7C8000C0
LD 0x7CC00380
LD 0x7CC00040
LD 0x309320840
ST 0x7C8000C0
LD 0x7CC001C0
ST 0x7D400340
LD 0x7C800000
LD 0x3A832D0C0
ST 0x5F3920FC0
LD 0x5B4C90D00
LD 0x7D4002C0
LD 0x7CC00100
LD 0x19A932780
LD 0x7D400040
LD 0x7CC00280
LD 0x352197CC0
LD 0x2D2D8E940
LD 0x7D800340
LD 0x7CC002C0
LD 0x7CC00340
LD 0x1FABB7D40
LD 0x7CC00240
LD 0x7CC00100
LD 0x7D400140
LD 0x7C800200
LD 0x4BC503380
ST 0x7C800080
LD 0x414D9D800
LD 0x7CC000C0
ST 0x3AB703700
LD 0x49173D140
LD 0x7D400100
LD 0x5B1502AC0
LD 0x7CC00300
LD 0x7CC00200
ST 0x7C800280
LD 0x7CC00340
ST 0x7D400100
LD 0x6D3226BC0
ST 0x7C800240
LD 0x7CC001C0
LD 0x7D8000C0
LD 0x7C800180
LD 0x7C800040
LD 0x7D400000
LD 0x3EEDB6800
LD 0x7D400240
LD 0x7BC233D40
LD 0x7C800200
LD 0x7CC00080
LD 0x7C800140
LD 0x7CC00080
ST 0x7D800340
LD 0x52590A280
LD 0x7C800300
ST 0x7C8003C0
ST 0x6D859FE40
ST 0x51B4B6D80
ST 0x7C800140
LD 0x7CC001C0
LD 0x7CC00140
LD 0x35063F840
ST 0x7C8001C0
LD 0x704239300
LD 0x7C800380
LD 0x7C800300
LD 0x4D8ABFA40
LD 0x7C800180
LD 0x1769AA540
ST 0x460D8CC00
LD 0x3B1DB1740
LD 0x7C800180
ST 0x7D800280
LD 0x7D800000
LD 0x7CC002C0
LD 0x7CC00180
LD 0x7C800300
LD 0x7D4002C0
ST 0x7CC00000
LD 0x7D8000C0
ST 0x1509A5040
LD 0x7CC00040
ST 0x7D400300
LD 0x322C82B40
LD 0x6D648D480
LD 0x7D8000C0
LD 0x287FA9FC0
ST 0x364E18C40
LD 0x59622F140
LD 0x7CC00200
LD 0x53E207D00
LD 0x3F5613740
LD 0x7D400380
ST 0x7CC00280
LD 0x7C800140
LD 0x5B9497FC0
ST 0x529CB7700
ST 0x7C800100
LD 0x7CC00000
LD 0x7CC003C0
LD 0x7CC00280
LD 0x7CC00080
LD 0x7C800100
ST 0x7CC00140
ST 0x1E2E313C0
LD 0x4DFF34780
LD 0x7CC00240
LD 0x3252AA500
LD 0x7C800180
ST 0x3F2638080
ST 0x7CC00100
ST 0x4C45B0500
LD 0x7D800000
LD 0x7CC00380
ST 0x7CC00140
LD 0x7D4002C0
LD 0x32C7B9180
LD 0x7CC00300
ST 0x7CC00180
ST 0x7CC00200
LD 0x7C800300
ST 0x5B6FB8DC0
ST 0x7C800180
LD 0x226134940
ST 0x7D400040
LD 0x4611AF180
LD 0x7CC00300
LD 0x3D13A9F80
LD 0x7B6D26D80
LD 0x575E2E200
ST 0x7CC002C0
ST 0x4B4B3B100
LD 0x7D800180
ST 0x7CC00000
LD 0x7C800240
ST 0x301AA0680
LD 0x7CC00040
LD 0x32BA81D40
LD 0x5D661E880
ST 0x6FB0A3500
ST 0x233B95A80
LD 0x1EEA01C80
LD 0x332706340
LD 0x7D400140
LD 0x7D800000
ST 0x7D400040
ST 0x4FD324B80
LD 0x7C800180
LD 0x7CC00000
LD 0x7C800380
ST 0x7CC00380
LD 0x26FD22C00
ST 0x71C385680
LD 0x7C8001C0
LD 0x7D800180
ST 0x375E21B40
LD 0x7C8001C0
LD 0x7C800240
LD 0x7C8002C0
LD 0x7CC00380
ST 0x7C800300
LD 0x7D800340
LD 0x758D293C0
ST 0x7D400200
ST 0x30AE26F80
LD 0x7CC00140
LD 0x7C800300
LD 0x38E323580
LD 0x7CC00280
LD 0x27919B740
LD 0x7C800380
LD 0x7CC003C0
LD 0x7CC00280
LD 0x7C8001C0
LD 0x508633700
LD 0x42E910E80
ST 0x68EA96580
LD 0x7D800080
ST 0x76363B100
LD 0x7C800140
LD 0x7C800180
ST 0x2358BBF80
LD 0x7CC00300
LD 0x652FBC080
LD 0x1BE12C640
LD 0x7D400240
LD 0x45FA8C980
LD 0x7D800000
LD 0x7D4002C0
LD 0x7C800300
ST 0x7C800180
LD 0x7C800300
LD 0x7C800300
ST 0x7C800340
LD 0x7CC000C0
LD 0x7CC000C0
LD 0x7D400140
ST 0x7CC00380
LD 0x7CC00340
LD 0x7C8000C0
LD 0x4943BBEC0
LD 0x3E5393900
ST 0x7CC00080
ST 0x7D800200
LD 0x6CC20E8C0
LD 0x7D400380
LD 0x6779BBD00
ST 0x7D400200
LD 0x7C800280
LD 0x7C800040
ST 0x7C8000C0
LD 0x7CC00200
ST 0x7CC00380
LD 0x7C8000C0
LD 0x19B72ACC0
LD 0x7D800200
LD 0x19C49DDC0
LD 0x5E6B07CC0
LD 0x7D400340
LD 0x7C800040
LD 0x666D891C0
LD 0x7CC00100
ST 0x7D400280
ST 0x7CC001C0
LD 0x7CC00380
LD 0x7C800300
LD 0x7C800280
LD 0x7CC003C0
LD 0x7CC00200
LD 0x7CC00080
LD 0x7C800180
LD 0x7C800280
LD 0x7C800140
LD 0x7CC00000
LD 0x7CC001C0
ST 0x7CC000C0
ST 0x7D800240
LD 0x7D400300
LD 0x7C800200
LD 0x7C800280
LD 0x7C800300
ST 0x7D400380
LD 0x42D4A9380
LD 0x7CC000C0
ST 0x7D800340
LD 0x7C800080
ST 0x128E9A640
ST 0x7CC002C0
LD 0x7D400300
LD 0x7C7625280
LD 0x7CC00180
LD 0x7D400180
LD 0x7CC00380
LD 0x4AAFA38C0
ST 0x2EF70EC80
LD 0x7CC003C0
LD 0x7CC00200
LD 0x7CC00000
LD 0x1747B95C0
LD 0x14BA3BA00
LD 0x7C800200
LD 0x7D400140
LD 0x7C8001C0
LD 0x7C800080
LD 0x6FF3A7D40
LD 0x7C800380
ST 0x7CC00100
LD 0x7C8002C0
LD 0x36E2A5100
ST 0x7C800100
ST 0x7CC001C0
LD 0x7C800000
LD 0x6F0A1CFC0
LD 0x7CC00280
LD 0x7D800140
ST 0x7CC00300
ST 0x3B7197300
LD 0x7D4000C0
LD 0x7CC00000
LD 0x73DF174C0
LD 0x7CC00280
LD 0x7D800080
LD 0x7CC001C0
ST 0x270137D40
LD 0x31A498E00
ST 0x209499B00
ST 0x7CC00380
ST 0x162B8A340
ST 0x7C800180
LD 0x7CC00240
LD 0x7D4000C0
LD 0x7CC00380
LD 0x7CC00200
LD 0x7CC00240
LD 0x7D4001C0
ST 0x7CC00380
LD 0x26F0AF980
ST 0x7CC00140
LD 0x7C800380
LD 0x7D400180
LD 0x2AEAA9D40
LD 0x7C800240
ST 0x7CC00280
LD 0x7437957C0
LD 0x7D8003C0
LD 0x736D289C0
LD 0x367D2BDC0
LD 0x7CC00380
LD 0x7D400000
LD 0x7D8002C0
ST 0x7CC00200
ST 0x2A51A8300
LD 0x7CC00180
ST 0x7CC00200
LD 0x7C8003C0
LD 0x7D800040
LD 0x7D8003C0
ST 0x5AA48C000
LD 0x7CC00380
LD 0x7C800080
LD 0x449794D80
LD 0x7CC00380
LD 0x7D400200
LD 0x67E100B00
LD 0x7CC002C0
LD 0x7D400140
LD 0x7CC00180
LD 0x304D00BC0
LD 0x7D400040
ST 0x7D8002C0
LD 0x7C800280
LD 0x7CC00080
LD 0x7D8000C0
LD 0x7BF2B2CC0
LD 0x6FDFB2540
LD 0x7D400100
LD 0x7CC00280
LD 0x6E44BDD40
ST 0x7D400000
LD 0x7C8001C0
LD 0x53C71EA40
ST 0x7CC00100
ST 0x7C8000C0
LD 0x7D400100
ST 0x39891A140
LD 0x7D8001C0
LD 0x7CC00100
LD 0x1F60BC000
LD 0x2A50BC2C0
ST 0x7D4000C0
ST 0x7D8000C0
LD 0x7D8002C0
LD 0x7C800080
LD 0x7C8000C0
LD 0x7CC00340
LD 0x3D058B880
LD 0x361F07540
ST 0x4BF5A0800
ST 0x265110480
LD 0x7C800180
LD 0x7CC00340
LD 0x7C800100
ST 0x26DC9BAC0
LD 0x7CC002C0
LD 0x7C800000
LD 0x1402049C0
ST 0x6C19056C0
LD 0x1B688D6C0
ST 0x7CC00380
LD 0x7CC00240
LD 0x3081A4180
LD 0x7C8003C0
LD 0x28BD14040
LD 0x7CC000C0
LD 0x7CC001C0
LD 0x7CC00280
LD 0x7CC00200
LD 0x7CC00100
LD 0x14030C500
LD 0x117704900
LD 0x7CC00000
LD 0x7C800300
ST 0x7CC00380
LD 0x7D400280
LD 0x304FBAE80
LD 0x7C800280
LD 0x7D400340
LD 0x1FC933040
LD 0x7CC00100
LD 0x7CC00080
ST 0x26FF9CB80
LD 0x7D400180
LD 0x7CC00100
LD 0x7C8002C0
LD 0x7D800140
LD 0x7C8001C0
ST 0x23179D900
LD 0x42EE397C0
ST 0x7C800240
LD 0x7CC00240
ST 0x5BA4B2200
LD 0x7C8001C0
LD 0x7CC00180
ST 0x7C800200
LD 0x7CC00100
ST 0x7C800280
LD 0x7C8000C0
LD 0x7C800380
ST 0x7CC00380
LD 0x70298AEC0
LD 0x1E121EEC0
LD 0x7D400240
LD 0x7D8002C0
LD 0x4EEE0DD40
LD 0x337DA8D00
LD 0x3D4482A80
LD 0x7CC001C0
LD 0x7C8003C0
LD 0x3FB88C3C0
LD 0x1C3C93080
LD 0x7D800340
LD 0x14BB3B1C0
LD 0x7CC00300
LD 0x7D400000
ST 0x7CC00280
LD 0x764730E80
LD 0x7D4002C0
LD 0x330B8E440
LD 0x7CC00140
LD 0x55AF3A4C0
LD 0x25A78FFC0
LD 0x7CC001C0
LD 0x7D800080
LD 0x7CC00140
LD 0x7D4003C0
ST 0x3DE525180
LD 0x7C800240
ST 0x7CC00080
LD 0x7CC00300
LD 0x7C8002C0
LD 0x1CE289640
LD 0x7D4001C0
LD 0x7C8003C0
LD 0x7C8001C0
LD 0x223990640
LD 0x4D7A1E080
LD 0x59FB3CC80
LD 0x3E36286C0
ST 0x2DAAAA3C0
LD 0x7C8001C0
LD 0x7C8003C0
LD 0x7D4001C0
LD 0x622E27280
LD 0x7CC003C0
LD 0x7D800000
LD 0x7C8002C0
LD 0x17C8AB540
LD 0x6CC730E00
LD 0x20B13CAC0
LD 0x7C8001C0
LD 0x43BFA49C0
LD 0x16668B740
LD 0x7C800340
ST 0x2F7B95BC0
ST 0x6CE583D00
LD 0x7CC00300
ST 0x7CC00280
LD 0x7C800340
LD 0x7C800300
LD 0x7CC00080
LD 0x52AC883C0
ST 0x7CC00140
LD 0x113DB0240
LD 0x58578BFC0
LD 0x7CC00140
LD 0x1C0AA4F00
LD 0x6A0A95AC0
LD 0x7CC000C0
LD 0x7C8002C0
LD 0x7C8000C0
LD 0x7D800280
LD 0x55C7BC700
LD 0x7C8001C0
LD 0x7D400180
LD 0x7C8003C0
LD 0x6A3383280
LD 0x7CC00300
LD 0x7C800100
LD 0x7D800340
ST 0x7CC003C0
LD 0x7CC00240
ST 0x346281C00
LD 0x7D400140
LD 0x5400A0E40
LD 0x7CC00340
LD 0x7C8002C0
LD 0x7C800380
LD 0x6AD09A3C0
LD 0x7CC00040
ST 0x7CC00240
LD 0x7D400280
ST 0x796DB74C0
LD 0x7C800200
LD 0x7CC00240
LD 0x6DEA08B80
LD 0x7C800180
ST 0x7CC00300
ST 0x201C87200
ST 0x4E2922200
ST 0x66C5ACBC0
LD 0x7C8000C0
ST 0x297EB2C40
ST 0x7C8003C0
ST 0x7D400140
LD 0x7C800340
LD 0x7C800040
LD 0x7D800180
LD 0x7C800100
LD 0x26161B340
LD 0x7CC00240
LD 0x7CC00280
LD 0x7D400080
ST 0x7C800140
LD 0x16E303900
LD 0x7CC00140
LD 0x7C8000C0
LD 0x7C800040
LD 0x1EF3872C0
LD 0x7CC003C0
LD 0x7C800300
LD 0x670AAFB00
LD 0x49DD3F540
LD 0x7C800140
LD 0x7C800140
ST 0x7D400100
LD 0x7D4001C0
LD 0x7CC00180
LD 0x7CC00380
LD 0x7CC00280
LD 0x7CC001C0
LD 0x7C8002C0
LD 0x7D400340
ST 0x7CC003C0
ST 0x7C800340
LD 0x7CC00140
LD 0x46E605C40
LD 0x7CC00200
LD 0x7D400300
ST 0x22E9BD280
LD 0x713D8F900
LD 0x1A9880AC0
LD 0x7D8002C0
LD 0x7C800080
LD 0x5A4E2E480
LD 0x7C800140
ST 0x7CC00340
LD 0x7CC00200
LD 0x1E2204B00
LD 0x7CC00300
LD 0x5AA61B980
LD 0x7CC002C0
LD 0x3EF912340
LD 0x7D8000C0
ST 0x653F264C0
ST 0x744DB2A80
ST 0x4519A5680
LD 0x7CC00000
ST 0x164B27A40
LD 0x3AD1B1480
LD 0x7C800000
LD 0x7CC003C0
LD 0x7CC00300
ST 0x7CE22D940
LD 0x7C800180
LD 0x7D800080
LD 0x50C093A00
ST 0x7C8002C0
LD 0x7C800080
LD 0x7C800280
LD 0x7C800380
ST 0x7CC000C0
ST 0x7D800080
ST 0x1B5A101C0
LD 0x41271A400
LD 0x7D800140
LD 0x5B6211F40
ST 0x7D800200
LD 0x7D8000C0
LD 0x7C800280
LD 0x7CC00240
LD 0x7C800340
LD 0x7C800000
ST 0x2FD799000
LD 0x7C800040
LD 0x19D88E440
LD 0x3DE6A2180
LD 0x7CC003C0
LD 0x7CC00180
LD 0x7CC00340
LD 0x7D800300
LD 0x498134E00
LD 0x7C800280
LD 0x22BD8CC80
ST 0x25BE94D40
LD 0x7CC00200
LD 0x7CC00240
LD 0x332937480
LD 0x7CC00140
ST 0x7CC000C0
ST 0x7CC00240
LD 0x7CC00180
LD 0x7C800140
LD 0x7CC000C0
LD 0x7C8002C0
LD 0x3EEC8F240
LD 0x7C800280
LD 0x37A3AF3C0
LD 0x7C800180
LD 0x73AB17500
LD 0x7CC00000
ST 0x40CAA4BC0
ST 0x7CC00200
LD 0x7C800200
LD 0x7D4003C0
LD 0x7C8003C0
LD 0x38959F800
LD 0x7D8000C0
LD 0x7D400240
LD 0x7CC00000
LD 0x7C800000
LD 0x19B21BC80
LD 0x7C800380
ST 0x7C800200
LD 0x7C800100
LD 0x7C800280
LD 0x7C800300
ST 0x7CC00300
LD 0x7D400240
LD 0x14AB11C80
LD 0x218894D80
LD 0x7D4002C0
LD 0x7D4003C0
LD 0x7CC00300
LD 0x7C800180
LD 0x7D800200
ST 0x7CC00000
ST 0x2C7C8F500
LD 0x7C800100
ST 0x7D400300
LD 0x4EA330C00
LD 0x7CC00180
LD 0x7C800080
LD 0x7D400140
LD 0x7C800240
LD 0x7CC00180
LD 0x7C800200
LD 0x7CC00380
LD 0x7CC00300
LD 0x7CC000C0
LD 0x293F998C0
LD 0x3DD09ED40
LD 0x2FEE86F00
LD 0x7C800280
LD 0x415E3A780
LD 0x7CC00240
LD 0x7D800080
LD 0x7CC680FC0
LD 0xFA239B40
LD 0x1C1191B40
LD 0x6E94ABEC0
LD 0x7D4000C0
ST 0x7D800180
LD 0x7D800000
LD 0x25F880740
LD 0x7D400200
ST 0x4D0712040
LD 0x7CC00040
LD 0x446885980
ST 0x339339000
LD 0x7CC00180
LD 0x7C800040
LD 0x475B9FA00
LD 0x344CABA40
LD 0x7C8002C0
LD 0x7C8002C0
LD 0x7CC002C0
LD 0x7CC003C0
LD 0x7D800080
LD 0x3A3B3B780
LD 0x7CC00040
LD 0x5FA2A4A40
LD 0x240B94740
LD 0x7D4000C0
LD 0x7CC00000
LD 0x7D8001C0
LD 0x4E3DA3BC0
LD 0x7CC00300
LD 0x7CC000C0
LD 0x7C800180
LD 0x503213700
LD 0x7C800300
ST 0x7CC00180
LD 0x7C800140
LD 0x7C800380
ST 0x7CC00300
LD 0x7C8002C0
LD 0x7CC003C0
LD 0x7CC00040
LD 0x7C8003C0
LD 0x7CC000C0
LD 0x7D4003C0
LD 0x7D800080
LD 0x7C8000C0
LD 0x2E84AF040
ST 0x4962B6EC0
LD 0x7CC00000
LD 0x7CC00380
LD 0x7D400040
LD 0x7CC00140
LD 0x7C800240
ST 0x7CC00080
LD 0x7C800140
LD 0x7C800280
LD 0x7CC00380
ST 0x1E7D133C0
LD 0x5D1630C00
LD 0x7C8002C0
LD 0x7CC00200
LD 0x1830A2140
LD 0x7CC001C0
LD 0x1F1D00C40
LD 0x7CC002C0
LD 0x7D800140
ST 0x7C800180
LD 0x7CC00000
LD 0x7C800200
LD 0x7D400100
ST 0x7CC00180
ST 0x7CC000C0
ST 0x7CC00080
LD 0x7CC00080
LD 0x18E935440
LD 0x7C800200
ST 0x151FBA400
LD 0x7D800300
LD 0x2C6234100
LD 0x23C2A7B80
ST 0x7CC00340
LD 0x7D400100
LD 0x7C800200
LD 0x3B57A9B40
LD 0x4BC61F980
LD 0x7CC00280
LD 0x7C800200
LD 0x5BB5A7480
ST 0x7C800240
LD 0x7CC00200
LD 0x7CC00100
LD 0x7C8002C0
LD 0x7C800380
LD 0x7CC00240
ST 0x7D400280
LD 0x7CC001C0
ST 0x585AAEB00
LD 0x7C800300
LD 0x100922200
LD 0x7D800200
LD 0x7C800340
LD 0x7C800340
LD 0x7C8002C0
LD 0x14E1823C0
LD 0x7D400340
LD 0x582481E80
LD 0x7C800340
LD 0x7CC00200
LD 0x7C800000
LD 0x7C800300
LD 0x7D800080
ST 0x7D8003C0
LD 0x7CC001C0
LD 0x7C8001C0
LD 0x7CC00340
LD 0x7CC00180
LD 0x43EA1E340
ST 0x7CC00300
LD 0x29E22FB80
LD 0x7CC00380
ST 0x7CC00300
LD 0x7C8002C0
LD 0x7C8001C0
LD 0x12BB07CC0
ST 0x4165BB080
ST 0x7CC00340
LD 0x7C8002C0
LD 0x7C8001C0
LD 0x7CC00180
ST 0x3E4B91880
LD 0x1B7181980
LD 0x7C800100
LD 0x7D8001C0
LD 0x7C800080
LD 0x7D400140
LD 0x7CC00140
ST 0x28A082740
LD 0x53FBB3F80
LD 0x7C800140
LD 0x7D400200
LD 0x7CC00040
LD 0x7CC00100
LD 0x7CC00200
ST 0x7CC001C0
ST 0x7C800300
LD 0x7CC003C0
LD 0x7CC00300
LD 0x7CC002C0
LD 0x7D400300
ST 0x7CC003C0
LD 0x7C8002C0
LD 0x7D800300
LD 0x7C800180
LD 0x7D400100
LD 0x7D400100
LD 0x7C800000
LD 0x2FFE3F900
LD 0x7C800100
LD 0x7D8000C0
LD 0x7CC00300
ST 0x199DB9680
LD 0x7C10AF540
LD 0x7CC00000
ST 0x7CC00200
ST 0x7CC002C0
LD 0x7D400380
LD 0x7CC000C0
LD 0x471B01280
LD 0x7D400280
ST 0x7CC00200
ST 0x28C2B2F80
LD 0x7C800000
LD 0x7CC00340
LD 0x464508280
LD 0x7C8003C0
LD 0x7D800140
LD 0x7C800380
LD 0x7CC002C0
LD 0x30AB2A940
LD 0x7D400200
LD 0x2F07873C0
LD 0x7D800240
LD 0x436EA1A40
LD 0x7D4001C0
LD 0x7D800380
LD 0x68E23B9C0
LD 0x7C800140
LD 0x647BA21C0
ST 0x7CC00340
ST 0x7C8002C0
LD 0x7D4003C0
LD 0x7C800340
LD 0x7CC00140
ST 0x7CC00080
LD 0x7CC00100
LD 0x7C800100
LD 0x7C800100
ST 0x66830B6C0
LD 0x39E083300
LD 0x7D400180
LD 0x791CAFB00
ST 0x7CC00240
LD 0x7D400140
LD 0x7C8001C0
LD 0x7D400140
LD 0x3D89B9CC0
ST 0x754B29E40
ST 0x7CC00040
LD 0x7C8000C0
LD 0x7CC00240
LD 0x7CC003C0
LD 0x7CC00240
LD 0x7CC00040
ST 0x7C800040
LD 0x2FE53C740
LD 0x73F21A580
LD 0x6A2B2D800
LD 0x693495E00
ST 0x7CC00280
LD 0x2E599FD80
LD 0x7D4002C0
LD 0x3F5C8AC80
LD 0x4FC116740
LD 0x7CC00200
LD 0x5B3606480
ST 0x55AAB9480
LD 0x7CC00080
LD 0x4AF597600
LD 0x7CC00040
LD 0x7CC00300
LD 0x7C800380
LD 0x7C800080
ST 0x7D400340
LD 0x6D6B89CC0
LD 0x7CC00240
ST 0x41691A800
LD 0x7C8001C0
ST 0x7C800200
LD 0x7C800140
LD 0x7C8000C0
ST 0x7D800080
LD 0x7C800000
LD 0x7D400200
LD 0x7CC000C0
LD 0x540E8EE00
LD 0x7D4002C0
LD 0x7CC00180
LD 0x7C800080
LD 0x7C800180
LD 0x6074AB3C0
ST 0x46FBB3500
LD 0x7CC00080
LD 0x7A72BFD00
ST 0x7C800040
LD 0x7CC00000
LD 0x62AA0AD40
LD 0x1A8B84480
LD 0x7C800100
ST 0x7CC00280
LD 0x74412A240
ST 0x7C8000C0
LD 0x7D800100
LD 0x2335B8F80
LD 0x3E3222640
LD 0x7C800240
ST 0x213583340
ST 0x7C8000C0
ST 0x7D4001C0
LD 0x7D400080
LD 0x7CC00240
LD 0x7C800300
ST 0x7D800340
ST 0x7CC00100
ST 0x5AECB0200
LD 0x439593680
LD 0x7D400080
LD 0x7D8000C0
ST 0x7C800100
LD 0x66FA07A00
ST 0x597216000
LD 0x7CC00180
LD 0x7C800340
LD 0x7C8000C0
LD 0x7CC00000
LD 0x7C800200
LD 0x7D4000C0
LD 0x7CC001C0
ST 0x6D3B324C0
LD 0x7D800000
LD 0x79DE00700
LD 0x7C8000C0
LD 0x7CC00200
LD 0x7CC00180
LD 0x7CC001C0
LD 0x479D81900
LD 0x7D400040
LD 0x7C8000C0
LD 0x7C800340
LD 0x7D400080
LD 0x7CC00380
ST 0x7B122F400
LD 0x7D800000
ST 0x7CC00100
ST 0x527308240
ST 0x7D400300
LD 0x7D4001C0
LD 0x7C800140
LD 0x100CA4C40
ST 0x4558BAE80
LD 0x7C800340
LD 0x5AAB36600
LD 0x57F8BB680
LD 0x7C800040
LD 0x7D400280
ST 0x7CC00080
ST 0x2D3B8D240
ST 0x7D800080
ST 0x55D71E1C0
LD 0x7CC00040
LD 0x43FDB3D80
ST 0x7D8000C0
ST 0x7CC001C0
LD 0x7CC00000
LD 0x7D800340
LD 0x7CC001C0
LD 0x7CC002C0
LD 0x56D485400
ST 0x7CC00180
ST 0x7CC00140
ST 0x7C800380
ST 0x7CC00040
LD 0x29C32BB80
LD 0x7CC00140
LD 0x7CC00140
ST 0x1D8792B40
LD 0x7C8001C0
LD 0x7CC00280
LD 0x7D800180
LD 0x7CC00380
ST 0x7C800000
LD 0x7D400380
LD 0x1E60940C0
LD 0x7D4003C0
ST 0x7CC00100
LD 0x7D400100
LD 0x7D400080
LD 0x7C800080
ST 0x7C800140
LD 0x7D400100
LD 0x7CC00100
LD 0x7CC00080
LD 0x7C800200
LD 0x7C800000
ST 0x680F80C40
ST 0x7CC00080
LD 0x7D8000C0
LD 0x62808BE00
LD 0x37AB0C200
LD 0x7C800240
LD 0x7D4003C0
ST 0x7D400100
LD 0x4FCDB1580
LD 0x7CC00040
LD 0x7C8001C0
LD 0x7C800200
LD 0x7CC001C0
LD 0x511DA7480
LD 0x7D400300
ST 0x7C8003C0
LD 0x7CC00380
ST 0x11CD05E80
LD 0x1F498C880
LD 0x6E25A0280
LD 0x7CC003C0
LD 0x51A216340
LD 0x7C800100
LD 0x7CC00240
LD 0x7CC00240
LD 0x7C800340
LD 0x7CC00340
LD 0x7D400080
ST 0x7CC00300
ST 0x3F77894C0
ST 0x6BED9BCC0
LD 0x6CF700BC0
LD 0x7D400240
LD 0x538390B80
LD 0x7CC00140
LD 0x7CC00100
LD 0x1780AAE00
LD 0x7D4001C0
ST 0x7D8002C0
LD 0x7CC000C0
ST 0x7C8000C0
LD 0x49D70EEC0
LD 0x7C800080
LD 0x7C800300
LD 0x14A78D000
LD 0x6FA3AFE40
LD 0x7D800340
ST 0x52C090440
LD 0x7D4000C0
LD 0x7CC00000
LD 0x7CC003C0
LD 0x7D8000C0
LD 0x100626D40
LD 0x7D400080
ST 0x7C800240
LD 0x7C8003C0
ST 0x7C800340
ST 0x23CE96E40
ST 0x7C800340
ST 0x7C800240
LD 0x7D800040
LD 0x7D400280
LD 0x467F8DEC0
LD 0x7CC00340
LD 0x7C800180
LD 0x7D4002C0
LD 0x1AF210DC0
ST 0x7D800180
LD 0x7C800280
LD 0x50CA05DC0
LD 0x45F694900
LD 0x34C891480
LD 0x7D400380
LD 0x7C800100
ST 0x7CC000C0
LD 0x7CC00000
LD 0x7CC00080
LD 0x7C800000
LD 0x7C800140
LD 0x7CC00340
LD 0x7CC00240
ST 0x7D400380
LD 0x7C8002C0
LD 0x7CC00100
LD 0x7C800240
ST 0x288105980
LD 0x788197200
LD 0x7CC00040
ST 0x7D8003C0
LD 0x7CC00340
LD 0x7CC00180
LD 0x6C5A974C0
LD 0x7D8001C0
LD 0x7CC00000
LD 0x799DB0180
LD 0x7C800340
LD 0x7D400100
ST 0x555224B00
LD 0x7CC002C0
LD 0x7D400000
LD 0x1C3394A80
LD 0x7C8000C0
LD 0x7C800100
LD 0x376708B00
ST 0x24A79F4C0
LD 0x7CC00300
LD 0x7D8000C0
LD 0x501C86740
LD 0x3A7C80D00
LD 0x7CC00080
ST 0x7D400280
LD 0x7C800180
ST 0x61CF1D280
ST 0x7CC00200
LD 0x7CC00240
LD 0x7D800100
LD 0x445294280
LD 0x7C8003C0
LD 0x40D501840
ST 0x7CC00200
ST 0x7C8001C0
LD 0x7D8002C0
ST 0x7C800300
LD 0x7C800000
ST 0x24A493400
LD 0x7D4001C0
LD 0x384E343C0
LD 0x3FC113E00
LD 0x5569A97C0
LD 0x25349A540
LD 0x7C8000C0
LD 0x7C800380
LD 0x7C8003C0
LD 0x4AEB1FFC0
LD 0x7D400080
ST 0x5B0495D40
LD 0x455EA57C0
LD 0x7CC00380
LD 0x7D4001C0
LD 0x264E0A300
LD 0x7CC00000
LD 0x55560DB40
LD 0x43293FE00
LD 0x750D807C0
ST 0x7CC00140
ST 0x7C800140
ST 0x7D4002C0
LD 0x7D8000C0
LD 0x7C800080
LD 0x25EE92500
LD 0x7CC00040
LD 0x7CC001C0
LD 0x7C800000
LD 0x7D800280
LD 0x682F37580
LD 0x7CC00240
LD 0x7CC00080
LD 0x7CC00380
LD 0x1434AE1C0
LD 0x7CC00380
ST 0x7D400140
LD 0x7C800080
LD 0x7CC00380
LD 0x7CC00100
LD 0x7CC003C0
LD 0x7D400280
LD 0x7D800040
LD 0x7CC00000
LD 0x7CC001C0
LD 0x7D4002C0
LD 0x7CC00280
ST 0x7C8000C0
ST 0x2627AAF40
LD 0x7CC00380
ST 0x7CC00240
LD 0x7D800200
LD 0x2C1286380
ST 0x7C800280
LD 0x6C192F740
LD 0x259E9CE80
ST 0x7CC002C0
LD 0x5032B3640
LD 0x7CC00200
LD 0x5720AA600
ST 0x3465085C0
LD 0x7C800080
ST 0x7CC003C0
LD 0x7D400280
LD 0x7C8002C0
ST 0x7C800380
LD 0x2985136C0
ST 0x78460D6C0
ST 0x7D400040
LD 0x7D800100
ST 0x7C800080
LD 0x7CC000C0
LD 0x7CC00100
LD 0x7CC001C0
LD 0x7D4002C0
LD 0x39FA0DB00
LD 0x5A53BD480
LD 0x7D400100
LD 0x7C800200
LD 0x7CC002C0
ST 0x7CC00240
LD 0x7D8000C0
LD 0x466C9AA00
LD 0x7C800100
ST 0x7C8001C0
LD 0x7CC000C0
LD 0x187CA6A80
LD 0x7C800340
LD 0x7C800240
LD 0x7CC00300
LD 0x4E6E149C0
LD 0x749B2E1C0
LD 0x7C8002C0
ST 0x69B1A55C0
LD 0x52EF96FC0
ST 0x1D2D04440
LD 0x7D400000
LD 0x7C800000
ST 0x7CC003C0
LD 0x4AE89B080
ST 0x7CC00380
LD 0x7CC00380
LD 0x3E1E18800
LD 0x13CD0A680
LD 0x655A1E800
LD 0x7CC00140
LD 0x623D0F000
LD 0x7CC00180
LD 0x7D800000
LD 0x7CC00180
LD 0x1C87ADA80
LD 0x7CC001C0
LD 0x7D400280
ST 0x2EEDA6800
LD 0x7CC00380
ST 0x2BA3B5280
LD 0x58B5AAA40
LD 0x4F6133B80
LD 0x5A249E080
LD 0x7C800280
ST 0x4B9B0FEC0
ST 0x78411A740
ST 0x7CC000C0
LD 0x7CC00040
LD 0x7D400200
LD 0x7D400380
LD 0x7CC002C0
LD 0x7CC002C0
LD 0x7C800300
ST 0x6FB101480
LD 0x7D800080
ST 0x5910BA400
ST 0x247F86B80
LD 0x7CC002C0
LD 0x7C800200
LD 0x284E91D00
LD 0x7D800080
ST 0x7C8000C0
ST 0x7C800100
LD 0x7D400380
ST 0x217C81B40
ST 0x7C800140
LD 0x7C800100
LD 0x7D800380
ST 0x7CC00180
LD 0x7CC00280
LD 0x7C800240
ST 0x7D400240
LD 0x7C800300
LD 0x7C800000
LD 0x7C800240
LD 0x7D400180
LD 0x7D800300
LD 0x7CC00000
ST 0x7CC002C0
LD 0x7CC00000
LD 0x7CC00100
LD 0x7CC00280
LD 0x7D400100
ST 0x7D800100
LD 0x1680AD840
ST 0x7CC00200
LD 0x7C800080
ST 0x127D1D300
LD 0x7CC000C0
LD 0x7D400000
ST 0x342901080
LD 0x7D800300
LD 0x7D400380
LD 0x3715B2100
LD 0x3C2DBBE40
ST 0x2FCB8F580
ST 0x4AB88DE40
ST 0x7C8000C0
LD 0x7D800340
LD 0x7CC00080
LD 0x7C800000
ST 0x656A0BB80
LD 0x7CC00280
LD 0x7C800040
LD 0x7C8001C0
LD 0x77B1A9340
LD 0x7CC000C0
LD 0x7CC00140
LD 0x66323B5C0
ST 0x7CC00180
LD 0x7C800180
LD 0x7D400380
ST 0x42039DF80
LD 0x7CC00100
LD 0x7C800200
LD 0x7C800280
ST 0x7C8000C0
LD 0x7CC000C0
LD 0x7CC00200
LD 0x7D800080
LD 0x7CC00200
LD 0x7CC00080
LD 0x7C800040
LD 0x7D4003C0
LD 0x7CC003C0
LD 0x7C800380
LD 0x408CB95C0
LD 0x22A226E80
LD 0x7CC001C0
LD 0x7C800140
LD 0x7CC00240
ST 0x5DC78E440
ST 0x316E15480
ST 0x7CC00140
LD 0x7D400000
LD 0x7C800080
LD 0x7D400380
LD 0x1A50AE380
LD 0x7D400080
ST 0x30EA99B80
LD 0x7D8002C0
LD 0x2D76AE140
LD 0x7C800000
LD 0x7CC003C0
ST 0x26A606080
LD 0x7D400080
LD 0x7CC00200
LD 0x7CC00100
ST 0x59AF0F440
LD 0x7C8000C0
LD 0x74C0AD8C0
ST 0x7CC001C0
LD 0x7D4001C0
LD 0x7C800380
LD 0x63ED2CBC0
LD 0x459BB90C0
ST 0x7C800340
LD 0x7C800080
ST 0x7C800300
ST 0x3D23B7C40
LD 0x7C8001C0
LD 0x7CC001C0
ST 0x213A38440
LD 0x531A8E3C0
ST 0x7C800240
LD 0x1E1597F00
ST 0x6B1C9D080
ST 0xFAD1AEC0
LD 0x7CC000C0
LD 0x694520B00
LD 0x7C800100
LD 0x7CC00040
LD 0x7C800340
LD 0x7D4003C0
LD 0x17FF240C0
LD 0x7CC00040
LD 0x6CFFB0140
LD 0x7C800080
LD 0x7D4000C0
LD 0x5F4E35E80
LD 0x7CC001C0
LD 0x7CC00380
LD 0x7CC00080
ST 0x7D800040
ST 0x7CC00140
LD 0x7CC002C0
ST 0x688D816C0
LD 0x7CC00040
LD 0x7D400300
ST 0x7CC00100
LD 0x7C800040
LD 0x7C800240
ST 0x7D800200
LD 0x7CC00300
LD 0x7D800340
LD 0x7C800340
LD 0x7D400240
LD 0x4E598E2C0
LD 0x371D1A340
LD 0x13511D980
LD 0x7D400300
ST 0x2735AD640
LD 0x7C8002C0
ST 0x7CC00340
ST 0x7C800240
LD 0x497A3DB00
LD 0x7C800080
ST 0x7C8000C0
LD 0x7CA6B8080
ST 0x7D800000
LD 0x7D8003C0
ST 0x1FFF86440
LD 0x7D800380
LD 0x764618BC0
LD 0x7C800140
LD 0x7C8000C0
LD 0x7CC001C0
LD 0x3B6A27480
LD 0x6FF221880
LD 0x7CC00200
LD 0x7C8001C0
LD 0x3DF488940
LD 0x7C8002C0
LD 0x7CC00180
ST 0x7C800180
LD 0x48E7B9200
LD 0x7D400080
LD 0x429526980
ST 0x7C800140
LD 0x56AF1C240
LD 0x3CE300640
LD 0x7D4001C0
ST 0x7CC00180
LD 0x7D4001C0
LD 0x7D400200
ST 0x7D400240
LD 0x693A83500
LD 0x7CC00240
LD 0x7CC00140
LD 0x7CC002C0
LD 0x7D400180
LD 0x67BE121C0
ST 0x1D57207C0
LD 0x7C800380
LD 0x7C800300
LD 0x7CC00100
LD 0x5C45A1F00
LD 0x7AD0AF540
ST 0x7C8001C0
LD 0x7CC00300
LD 0x7C800180
LD 0x7CC00140
LD 0x7D400100
LD 0x6408BFFC0
LD 0x7D400180
LD 0x7CC00040
ST 0x7C800100
LD 0x118915EC0
LD 0x7CC00300
LD 0x7C800000
LD 0x7CC003C0
ST 0x7CC00240
LD 0x7C800040
LD 0x7CC00280
LD 0x7C800040
ST 0x7D400100
LD 0x7D400280
LD 0x1415001C0
LD 0x26F9A01C0
LD 0x5AEE0C200
LD 0x15863DF00
LD 0x7C800300
LD 0x7C800080
LD 0x2C64B9040
LD 0x7CC00200
LD 0x7CC00000
LD 0x7C800340
ST 0x7C800300
LD 0x7D4001C0
LD 0x7CC000C0
LD 0x642B8F840
LD 0x7CC00140
LD 0x58820E880
ST 0x7C800080
LD 0x716A1B780
LD 0x7C800000
LD 0x58C90BC80
LD 0x7CC000C0
LD 0x7CC00100
ST 0x7C800080
LD 0x7D400100
LD 0x7CC00100
LD 0x7C8003C0
LD 0x7CC00200
LD 0x7D8000C0
LD 0x7C8003C0
ST 0x7CC00100
LD 0x7C8002C0
ST 0x7CC00040
LD 0x7D800280
ST 0x4A6D157C0
LD 0x265EA5340
LD 0x337480280
ST 0x7D800140
ST 0x7CC00080
ST 0x7CC002C0
ST 0x7D400040
LD 0x7D800140
LD 0x1D9992C00
ST 0x15353B980
LD 0x7C800040
ST 0x5B9F0A080
LD 0x7D800080
LD 0x7C800280
LD 0x7CC00380
LD 0x7C800340
LD 0x7C8003C0
LD 0x7CC00100
LD 0x7C800080
LD 0x72A0A2400
LD 0x7D400300
LD 0x7CC00240
LD 0x74D62B840
LD 0x2E9B9AC80
ST 0x7D400340
LD 0x7C8001C0
LD 0x35FAA63C0
LD 0x7C800240
ST 0x7C800280
LD 0x330A21980
ST 0x7C800300
LD 0x7CC00000
ST 0x7C800280
LD 0x7CC00000
LD 0x7D4000C0
ST 0x4AD88C680
ST 0x69C33E3C0
LD 0x252620C00
LD 0x7D800200
LD 0x7C800000
LD 0x7C800280
LD 0x3D5C91E40
ST 0x692CA19C0
LD 0x7CC00140
LD 0x7D400200
ST 0x3B1E21040
LD 0x1C6B1E2C0
LD 0x7CC002C0
LD 0x7CC00000
ST 0x7D400040
LD 0x7D800180
ST 0x112F06800
LD 0x7D800180
ST 0x7CC00240
LD 0x7CC000C0
LD 0x3ABEA5900
LD 0x3F790AE40
LD 0x7C8003C0
LD 0x7CC00300
LD 0x7920B1E00
LD 0x7C8001C0
LD 0x7CC00100
LD 0x6462A6300
ST 0x7D8001C0
LD 0x7CC00140
LD 0x7C8002C0
LD 0x7C800300
ST 0x7CC00240
LD 0x7C800040
LD 0x7CC00100
ST 0x7C8000C0
LD 0x13B731440
LD 0x7C800340
ST 0x7C8000C0
LD 0x7C800100
LD 0x7D400280
LD 0x4A0FBAB00
LD 0x7C800140
LD 0x7CC00140
LD 0x7D400340
LD 0x75AF10440
LD 0x7C800200
ST 0x7C800100
LD 0x7C8002C0
ST 0x7D400000
LD 0x7D8000C0
LD 0x7CC00080
LD 0x7432B3F80
ST 0x7CC00340
LD 0x7CC002C0
LD 0x7CC00280
LD 0x7D800140
LD 0x7CC00040
LD 0x72953ADC0
LD 0x5CE8B6E80
LD 0x7D8003C0
LD 0x32F58A9C0
ST 0x214F35600
LD 0x7CC00240
ST 0x7D4001C0
ST 0x1730A8100
LD 0x637316C00
LD 0x6F54B3800
LD 0x598706440
LD 0x6DAD00680
ST 0x331514C40
LD 0x7CC00100
ST 0x7CC00180
LD 0x205A22FC0
LD 0x7CC00000
LD 0x3BB7B7600
LD 0x7D8000C0
LD 0x7D400000
LD 0x1B1B0D4C0
LD 0x7CC00140
ST 0x2B8F83D00
LD 0x6E94B8D40
LD 0x7C800180
LD 0x7C800040
LD 0x7CC00340
LD 0x4A92114C0
ST 0x1A65AC980
LD 0x7D400200
LD 0x7D800300
LD 0x7CC00180
LD 0x7C800240
LD 0x7CC00100
ST 0x7CC000C0
LD 0x305BB6EC0
ST 0x6E332AFC0
LD 0x7CC00040
LD 0x7D8000C0
LD 0x228327AC0
ST 0x63D99C280
LD 0x7C800100
LD 0x33AD2EBC0
LD 0x7C8001C0
ST 0x7D4001C0
LD 0x3E720FF80
LD 0x3EF7BEF00
LD 0x7C800280
LD 0x7CC00200
LD 0x60FD2ABC0
LD 0x7CC00200
LD 0x5BBF8C380
ST 0x1FD122840
LD 0x7CC00000
LD 0x5EC689CC0
LD 0x7CC00100
LD 0x59522C300
ST 0x7D4001C0
LD 0x32F9245C0
LD 0x7C800140
LD 0x343B21AC0
LD 0x7C800140
LD 0x36259A200
LD 0x7CC001C0
ST 0x7C800000
LD 0x7CC003C0
LD 0x250084880
LD 0x7C800200
LD 0x7D400200
LD 0x7D400380
LD 0x62E08FF00
LD 0x7C800000
LD 0x7C800100
LD 0x7CC00340
ST 0x7C800380
LD 0x7C800040
LD 0x7CC00100
LD 0x17ADA0C80
LD 0x7C800000
ST 0x7CC00100
ST 0x7CC00180
LD 0x7C8000C0
LD 0x7CC00080
ST 0x7C8000C0
LD 0x7CC00100
LD 0x7D800000
LD 0x7CC003C0
LD 0x7CC002C0
ST 0x670916D00
LD 0x7D400380
ST 0x7D400140
LD 0x7CC001C0
ST 0x7C800340
ST 0x7C800300
LD 0x7D800040
LD 0x7CC000C0
ST 0x79D606640
LD 0x7C8000C0
LD 0x790E971C0
LD 0x4EBB2DE80
LD 0x7CC00180
LD 0x206514A40
LD 0x21C305280
LD 0x3501281C0
LD 0x7CC00100
ST 0x7CC00140
LD 0x437611D40
LD 0x7D800180
LD 0x7CC003C0
LD 0x7D4000C0
LD 0x7CC003C0
ST 0x106F2F880
LD 0x7C8000C0
LD 0x7C800080
LD 0x7CC00040
LD 0x7CC003C0
LD 0x7C800200
LD 0x7C800080
LD 0x641182240
LD 0x18D6A2780
LD 0x7CC00080
LD 0x7D800280
LD 0x7D400040
ST 0x7C800200
ST 0x64F4B0780
LD 0x1B1D84C80
LD 0x7D400340
LD 0x7CC00380
ST 0x7CC00180
ST 0x7D4001C0
LD 0x7D400100
LD 0x7D400380
LD 0x7D8003C0
LD 0x7C800180
LD 0x7D800240
LD 0x7CC00300
ST 0x7D800280
LD 0x7C8000C0
LD 0x7C8002C0
LD 0x7D800380
ST 0x7C800040
LD 0x7CC00300
LD 0x7D4003C0
LD 0x7CC00240
LD 0x7D400300
LD 0x7D800200
LD 0x7CC002C0
LD 0x7C800300
LD 0x7CC00380
ST 0x7CC002C0
ST 0x7C800180
ST 0x7CC00000
LD 0x7C800140
LD 0x7CC001C0
LD 0x5E3AA9440
LD 0x7C800340
LD 0x701BA8600
LD 0x7C800080
LD 0x7C8001C0
LD 0x7CC00200
LD 0x7C800200
ST 0x7CC00140
ST 0x7C800340
ST 0x6C3EA6FC0
ST 0x7D800380
LD 0x7C8003C0
ST 0x7C8002C0
LD 0x7D4002C0
ST 0x208094040
LD 0x7CC00240
LD 0x7CC001C0
LD 0x21B89B600
LD 0x7D400280
LD 0x534D2C880
LD 0x7D400000
LD 0x7D400180
ST 0x7CC00240
ST 0x7CC001C0
ST 0x7CC002C0
LD 0x7D400180
ST 0x7CC00100
ST 0x7C800240
LD 0x7CC00000
LD 0x7CC00340
LD 0x7D400300
LD 0x7C800280
ST 0x587608F80
ST 0x1B1A2F940
LD 0x7D800240
LD 0x7C8002C0
LD 0x7D400200
LD 0x7CC00280
ST 0x70BD15180
ST 0x5F7097780
LD 0x7CC000C0
ST 0x2D0510B00
LD 0x7C8000C0
LD 0x7CC00000
LD 0x7D4002C0
ST 0x7D400040
LD 0x7C800080
LD 0x7C800200
LD 0x7C800200
LD 0x207D217C0
LD 0x75F4B0840
LD 0x6459843C0
LD 0x7D400340
LD 0x7D400380
LD 0x7A173F3C0
LD 0x7C800140
LD 0x7CC001C0
LD 0x235B1F000
LD 0x17D525C00
LD 0x5A7E3AF80
LD 0x7C800100
LD 0x7CC00380
ST 0x754C95F40
ST 0x1EE28EA40
LD 0x7CC00340
LD 0x1606025C0
LD 0x7CC001C0
LD 0x7CC00200
LD 0x7C8000C0
LD 0x7C8003C0
ST 0x2F9AB70C0
ST 0x7D400100
LD 0x7CC00280
LD 0x7D400300
LD 0x7C800000
LD 0x2985A9440
LD 0x11FEB9C00
LD 0x7C800200
LD 0x10F2BBF80
ST 0x7C800280
LD 0x7CC00140
LD 0x7C800280
LD 0x7CC003C0
ST 0x241A9B780
ST 0x7CC00080
LD 0x7C8002C0
LD 0x22F089240
ST 0x72010D200
LD 0x7D400300
LD 0x7CC00100
LD 0x7CC00240
LD 0x151A0DCC0
ST 0x7CC00280
ST 0x7C800040
LD 0x7D4001C0
ST 0x7D400080
LD 0x7D800140
LD 0x7C8000C0
LD 0x7D400340
LD 0x35C080440
LD 0x7CC00300
ST 0x7C800000
LD 0x7CC003C0
LD 0x7C800280
LD 0x4141BCD80
ST 0x1ED31DEC0
LD 0x7C800100
ST 0x7C800080
LD 0x7CC00040
LD 0x7CC000C0
ST 0x7CC000C0
LD 0x48C7B4E80
LD 0x7CC000C0
ST 0x7C800000
LD 0x45AC9D1C0
LD 0x7C800180
ST 0x7C800300
LD 0x7C800040
LD 0x7C8001C0
LD 0x7CC00140
ST 0x5E7705780
LD 0x7CC00140
LD 0x2EDD17440
LD 0x7D400180
LD 0x7D800080
ST 0x7D400300
LD 0x7C800240
ST 0x7D800180
LD 0x7C8001C0
LD 0x7CC001C0
LD 0x7CC00080
LD 0x7D800000
LD 0x4EB88C540
ST 0x7CC00140
ST 0x5487A3340
LD 0x7C800380
LD 0x7D8000C0
LD 0x7CC001C0
LD 0x7CC00140
LD 0x7CC00100
LD 0x7CC00300
ST 0x5DEA8B500
LD 0x7C800140
LD 0x7C800340
LD 0x7CC00240
LD 0x7CC00380
LD 0x7D400340
LD 0x369BB2000
LD 0x7C800000
LD 0x7C8003C0
LD 0x7CC00240
ST 0x7CC00240
LD 0x7C800380
LD 0x7C8000C0
LD 0x7CC00000
LD 0x7D400140
LD 0x7CC00000
ST 0x7D400040
LD 0x7CC00300
LD 0x7D800000
LD 0x7CC00200
LD 0x7C800180
LD 0x39D99F700
LD 0x3126A3640
LD 0x117E24C40
LD 0x7C8002C0
LD 0x433EA3400
LD 0x7D8002C0
LD 0x7C800180
LD 0x64BE39680
LD 0x7CC00000
ST 0x7C800040
LD 0x7C8002C0
LD 0x7C800240
ST 0x207631600
LD 0x7CC00300
LD 0x7C800040
LD 0x1FC1A3BC0
LD 0x7CC00280
LD 0x273485C80
LD 0x7CC00240
LD 0x7CC003C0
LD 0x7C800280
ST 0x7CC00140
LD 0x2D4987340
LD 0x7C800280
ST 0x7C800040
LD 0x7C800140
LD 0x18511F1C0
LD 0x7C800200
LD 0x7C8002C0
LD 0x38BD1A640
ST 0x7CC002C0
LD 0x1C98ACFC0
LD 0x7CC00040
LD 0x7D400040
LD 0x7C800380
LD 0x7D400180
ST 0x7CC00240
LD 0x4AA9A3CC0
LD 0x4A6DA6600
LD 0x7C8001C0
LD 0x7C8000C0
LD 0x7D400080
LD 0x7CC00140
LD 0x7CC00140
LD 0x7CC00140
ST 0x7C800340
LD 0x7C8000C0
LD 0x7C800180
LD 0x4D6481980
LD 0x7C800200
LD 0x7CC00380
LD 0x5B768CB80
LD 0x7D400100
LD 0x7D400340
ST 0x165F00EC0
LD 0x7CC003C0
ST 0x7D800280
LD 0x54CB2D180
LD 0x7C800200
LD 0x7CC00380
LD 0x7CC002C0
LD 0x39AF9B240
ST 0x7B7911A40
ST 0x4ADB925C0
LD 0x7CC00380
LD 0x7D800240
LD 0x7C8000C0
LD 0x2A021D9C0
ST 0x7CC00080
LD 0x7C800280
LD 0x1E3A929C0
LD 0x7A69A28C0
LD 0x128785540
LD 0x7CC00100
LD 0x7CC00180
LD 0x1B130A040
ST 0x7CC00280
ST 0x7C8000C0
LD 0x7CC00000
LD 0x1FB59F2C0
ST 0x7C800340
LD 0x7CC000C0
LD 0x151589100
LD 0x7CC00180
LD 0x68DD3FE00
LD 0x7CC00180
LD 0x7CC001C0
LD 0x7CC00000
ST 0x7D800340
ST 0x7C8001C0
LD 0x7CC00300
LD 0x7C8002C0
LD 0x7CC001C0
LD 0x7C800100
ST 0x4BF93F8C0
LD 0x7CC00300
LD 0x7C800140
LD 0x7C800080
LD 0x7C8000C0
LD 0x7D800280
LD 0x7CC00240
ST 0x7D8000C0
LD 0x7CC00100
LD 0x7C8003C0
LD 0x7D8000C0
LD 0x7C8000C0
LD 0x7CC00180
LD 0x7CC00040
LD 0x7CC00000
LD 0x7CC00200
LD 0x7D400280
LD 0x7D4001C0
ST 0x54713E840
LD 0x7C800340
LD 0x1EF7B3600
LD 0x72E9211C0
LD 0x7D400080
LD 0x7CC002C0
LD 0x7C800300
ST 0x7C800200
LD 0x5D1280640
LD 0x7CC00340
LD 0x7C800100
LD 0x14AC98600
LD 0x7C800040
LD 0x7CC00000
LD 0x7C8003C0
ST 0x327693300
ST 0x7D400080
LD 0x7CC000C0
ST 0x2216B8DC0
LD 0x570D3F300
ST 0x59211D040
LD 0x7CC00240
ST 0x7C800180
ST 0x7CC00040
LD 0x7CC000C0
LD 0x7CC00100
LD 0x7CC00040
LD 0x7C800280
LD 0x7D400340
LD 0x7CC00340
LD 0x7C800380
LD 0x7C8003C0
ST 0x7D400000
ST 0x7CC00080
ST 0x63611E700
LD 0x7D400040
LD 0x7C800300
LD 0x7C800200
LD 0x72A338F00
LD 0x1DD285580
LD 0x7C8001C0
ST 0x2227A7340
ST 0x207D95E00
LD 0x7C800140
LD 0x7D400100
LD 0x64AAA0880
LD 0x75BD3F2C0
LD 0x7C8002C0
ST 0x7C800340
LD 0x7D400000
LD 0x7C8002C0
LD 0x7CC000C0
LD 0x7C8000C0
LD 0x5A0D32E80
LD 0x7D400240
LD 0x449238280
LD 0x51611D780
ST 0x10DDB89C0
LD 0x7C800080
LD 0x7C800240
ST 0x7C800240
LD 0x7CC00180
LD 0x5FAB94140
ST 0x334AB8980
LD 0x14A0950C0
ST 0x7C800340
ST 0x10DC95600
LD 0x677B84BC0
ST 0x7D400180
LD 0x7CC00300
LD 0x7CC00300
LD 0x7CC00000
ST 0x7D400080
LD 0x7D400000
LD 0x1B729C4C0
LD 0x7CC00380
LD 0x7CC00380
LD 0x7CC00280
LD 0x1A262D980
LD 0x7C800200
LD 0x7C8000C0
LD 0x7CC000C0
LD 0x7C8002C0
ST 0x7C800240
ST 0x7CC00000
LD 0x7D400200
LD 0x7C800200
ST 0x329E3CF00
LD 0x7C800100
LD 0x7C800100
LD 0x7C800100
LD 0x7CC00240
ST 0x7D400100
LD 0x7D4003C0
LD 0x7C8001C0
LD 0x7D800340
ST 0x2C120B040
LD 0x7CC00100
LD 0x7CC00340
LD 0x7D400280
ST 0x7CC00300
LD 0x7CC00140
ST 0x7CC00040
ST 0x7CC00380
LD 0x7D400140
ST 0x584CADA80
ST 0x7D8002C0
LD 0x47552A640
LD 0x36B935AC0
LD 0x7CC00300
LD 0x7CC00280
LD 0x7CC00180
LD 0x7D400200
LD 0x7CC003C0
LD 0x7C800280
LD 0x1FC71EAC0
LD 0x50D3BC880
LD 0x7CC00300
LD 0x32F6B2700
LD 0x7CC00200
LD 0x7CC00080
ST 0x7CC002C0
LD 0x7D800240
ST 0x7C800100
LD 0x7C800180
LD 0x7CC00300
LD 0x22EDB2C40
LD 0x7D400140
LD 0x7C800300
LD 0x7C800080
LD 0x7CC003C0
LD 0x7C800100
LD 0x7CC001C0
LD 0x7CC00240
LD 0x76D705B80
LD 0x7D400000
LD 0x7D400000
ST 0x7C800040
ST 0x7D400240
ST 0x1A2505F40
ST 0x7C800340
ST 0x4F30B48C0
ST 0x7C800180
ST 0x7D400040
LD 0x13C5206C0
LD 0x7C8000C0
LD 0x7C800380
LD 0x7C8000C0
LD 0x238B0B580
LD 0x7CC00240
LD 0x7D400280
LD 0x601893D80
LD 0x7C800140
LD 0x7D800380
LD 0x7C800380
LD 0x7C8000C0
LD 0x7C8000C0
LD 0x7D400100
LD 0x7D400300
LD 0x7C800180
LD 0x14CA0E500
LD 0x7D400000
ST 0x3E860B400
ST 0x7CC00240
LD 0x2AED1CA40
LD 0x7CC00300
ST 0x5637BB440
LD 0x7C800380
LD 0x7CC000C0
ST 0x3E4CA4880
LD 0x7CC00240
LD 0x7C800000
LD 0x7D800200
LD 0x7D4000C0
LD 0x5999A4600
LD 0x7C8000C0
LD 0x7D400000
LD 0x7C8002C0
LD 0x7CC00300
LD 0x7D4001C0
ST 0x39DD87700
LD 0x7D400200
LD 0x7D400100
LD 0x5A8B8D940
ST 0x7C8000C0
ST 0x49198FC40
LD 0x7D4003C0
LD 0x7C800300
ST 0x7D400380
LD 0x1209A4E80
LD 0x3EF638F40
ST 0x7C8000C0
ST 0x7D400380
LD 0x7C8003C0
LD 0x7C800040
LD 0x7C8001C0
LD 0x483F897C0
LD 0x7C800380
LD 0x7C800140
ST 0x421D3CE00
LD 0x7C800040
LD 0x7C800380
LD 0x7C8003C0
LD 0x6A0996980
LD 0x42F21F380
LD 0x7D400340
LD 0x5D5E01A80
LD 0x7D800300
LD 0x7C800280
LD 0x30DD80300
LD 0x5CEE14A00
LD 0x39862E600
LD 0x7CC00280
LD 0x7CC00380
LD 0x7C800340
LD 0x7D4001C0
LD 0x7C800140
ST 0x6F9214280
ST 0x261604B40
LD 0x7CC002C0
ST 0x7CC003C0
LD 0x7D400140
LD 0x7C800200
LD 0x7CC00040
ST 0x7A928D980
LD 0x268C95FC0
ST 0x5868A0700
ST 0x7CC00080
LD 0x7D400380
LD 0x121B86E80
LD 0x7D400040
LD 0x7D800240
ST 0x7CC00380
LD 0x3FDB87280
LD 0x7CC00380
LD 0x7CC001C0
LD 0x7CC00280
ST 0x7C800280
ST 0x7CC001C0
ST 0x70A90FC80
LD 0x7D4001C0
ST 0x7D800340
LD 0x6B9A3D6C0
LD 0x49B2A5500
ST 0x7CC002C0
LD 0x50598DE80
LD 0x7CC00340
LD 0x7C800000
ST 0x57F2857C0
LD 0x3F2B99900
LD 0x7CC00040
LD 0x7C800180
LD 0x7D8001C0
LD 0x7D400280
LD 0x1E25A73C0
LD 0x13E7B7380
LD 0x771F191C0
LD 0x2F0D26280
ST 0x7C800340
ST 0x130A9B180
ST 0x7493A89C0
LD 0x16FFAE340
LD 0x7D800100
LD 0x7C8003C0
LD 0x7CC002C0
LD 0x7C800140
LD 0x61AA92F80
LD 0x7D8000C0
ST 0x7CC001C0
LD 0x7CC00100
LD 0x32B59F240
LD 0x7D800200
ST 0x21CAB0D00
LD 0x2CE090D80
ST 0x32039A140
LD 0x7CC00080
LD 0x7C800000
ST 0x7CC00100
LD 0x7C800040
LD 0x7D800380
LD 0x7CC00100
LD 0x206C94E80
LD 0x7D400280
LD 0x7C800140
LD 0x365A0F740
LD 0x7D400180
LD 0x7096B5700
ST 0x7CC00040
LD 0x7CC00240
LD 0x7D400280
LD 0x3D9F96240
ST 0x7CC003C0
ST 0x11EE38840
LD 0x7C800240
ST 0x613F2A340
ST 0x7C800140
LD 0x10BA93640
LD 0x60FD2CF80
LD 0x7C800200
LD 0x7C800140
LD 0x7C800240
LD 0x7C800000
ST 0x7CC00380
LD 0x7C800280
ST 0x7CC00340
ST 0x7D400040
LD 0x7C800080
ST 0x7D400140
LD 0x7CC00080
LD 0x7D400040
LD 0x7CC00380
ST 0x7CC00300
LD 0x7CC00040
LD 0x7C800240
ST 0x7D800000
LD 0x7CC00180
LD 0x7D400100
LD 0x7C800180
LD 0x7CC00200
LD 0x7CC00100
ST 0x416DAB280
LD 0x4A7A35B40
LD 0x7CC00340
LD 0x45A3A6A80
LD 0x7D800200
ST 0x4C37AA7C0
LD 0x7C800080
ST 0x7CC00180
LD 0x7C800140
ST 0x7C800200
LD 0x7C8002C0
LD 0x7C800300
ST 0x7D400000
LD 0x728B1BD40
ST 0x4521B1500
ST 0x7CC00200
LD 0x7D800280
ST 0x5FBA2A000
LD 0x7C800280
LD 0x7D400040
LD 0x7CC00200
LD 0x7CC00340
LD 0x7CC00200
ST 0x7CC00300
LD 0x7B8E2B3C0
LD 0x20739C680
LD 0x73BDA2240
LD 0x7CC00040
LD 0x7CC00140
LD 0x7D400240
ST 0x7CC00300
ST 0x3E23BD2C0
LD 0x2CCA27EC0
LD 0x7C800000
LD 0x7CC00000
LD 0x7D4000C0
LD 0x7CC00340
LD 0x592F88FC0
LD 0x497D9DC80
LD 0x7CC00040
LD 0x58ED2D440
LD 0x7CC003C0
LD 0x7D400280
ST 0x612299AC0
LD 0x7CC00200
LD 0x7D400080
LD 0x7CC00000
LD 0x7D400080
LD 0x7D800000
LD 0x59E785AC0
LD 0x7CC00140
LD 0x7CC00280
LD 0x728607740
LD 0x1067AD880
ST 0x7CC00140
LD 0x5B5097800
ST 0x7D800000
LD 0x7CC00340
LD 0x5C44A5BC0
LD 0x7C800200
LD 0x7D800200
LD 0x6EAB18E40
LD 0x7D400080
LD 0x7CC00000
LD 0x7CC001C0
ST 0x7CC00040
LD 0x7C800100
ST 0x7C800000
ST 0x7C8003C0
ST 0x7C800240
LD 0x29AE80FC0
ST 0x18053E880
LD 0x7D800140
LD 0x7A3FA9900
ST 0x7D400380
LD 0x7CC00280
ST 0x7CC00200
LD 0x7C8000C0
LD 0x40E133840
LD 0x7CC00100
LD 0x7C800040
ST 0x458F26380
LD 0x7D400300
LD 0x7C8003C0
LD 0x7C800240
ST 0x21E129880
LD 0x7CC00100
LD 0x7C800140
LD 0x7CC00040
ST 0x7D400000
LD 0x2EA19C000
ST 0x3715A1580
LD 0x305F32880
LD 0x334130840
ST 0x7D400100
LD 0x58961E740
ST 0x7CC00340
ST 0x7C800340
LD 0x7CC00340
LD 0x7CC00240
ST 0x7D800140
ST 0x7C800300
LD 0x57C4B41C0
ST 0x7CC00340
ST 0x3FE294F00
LD 0x6DAFBF440
LD 0x7CC00140
ST 0x113499A00
LD 0x7CC00200
LD 0x1BDD1A780
LD 0x7C800100
LD 0x7D400240
LD 0x7CC00380
LD 0x7CC00080
LD 0x7CC001C0
ST 0x6D3522400
LD 0x7D4003C0
LD 0x7B990F080
LD 0x7CC00300
LD 0x650584540
ST 0x62B094D40
LD 0x13963F800
ST 0x5F4AB8580
LD 0x798721140
LD 0x7C8003C0
LD 0x7D800380
LD 0x7D800340
LD 0x233389480
LD 0x36F58FB40
LD 0x7D800180
ST 0x7D4000C0
ST 0x7CC00140
ST 0x3C6131FC0
ST 0x7CC00040
LD 0x7CC00080
ST 0x7C800380
LD 0x7C800240
LD 0x7D400240
ST 0x7C800340
LD 0x540B9D4C0
LD 0x7C800000
LD 0x7C800080
ST 0x7D8002C0
LD 0x7D800140
LD 0x7C8002C0
LD 0x145EA2580
LD 0x7CC00080
LD 0x38B5AE740
LD 0x7CC001C0
LD 0x7CC003C0
LD 0x7C8001C0
ST 0x6B61A9F40
LD 0x7C8001C0
LD 0x558104C80
LD 0x7C800300
LD 0x7D800040
LD 0x7D400300
LD 0x7D800000
LD 0x7C800300
LD 0x7C800300
LD 0x7CC00180
ST 0x7CC00180
LD 0x7D800240
LD 0x7D800040
LD 0x4E02B15C0
LD 0x7C8000C0
LD 0x7CC00240
LD 0x7C800100
LD 0x7C800200
LD 0x7C800300
ST 0x7C800300
LD 0x75DD05140
LD 0x7CC00000
LD 0x3E21B8E80
ST 0x16E314640
LD 0x34A70C7C0
LD 0x7CC00200
LD 0x76861C640
LD 0x7C800300
LD 0x7D800100
ST 0x7CC00000
ST 0x7CC00380
LD 0x51C8ACD40
LD 0x7C800300
ST 0x7C800040
LD 0x7CC00340
ST 0x7CC000C0
LD 0x7C8000C0
ST 0x7CC00000
ST 0x7CC00280
LD 0x7D8002C0
LD 0x7CC000C0
ST 0x41D8B1540
LD 0x4AF3BB280
LD 0x7C800200
LD 0x7C800280
LD 0x7CC00240
LD 0x7C800000
LD 0x7CC00300
LD 0x7C800240
LD 0x7CC00140
LD 0x7C8003C0
ST 0x7CC00300
LD 0x43E7B3480
ST 0x7CC00380
LD 0x7CC00340
LD 0x7C8002C0
ST 0x7CC00000
ST 0x66C4B0200
LD 0x1B2A0D880
LD 0x7CC00040
LD 0x7C800180
ST 0x7CC00200
LD 0x7C8002C0
LD 0x7C800380
LD 0x7CC00080
LD 0x61322CB80
LD 0x7C800280
LD 0x7C800280
LD 0x7CC00380
LD 0x3F849EFC0
LD 0x6877BF4C0
LD 0x7C800000
LD 0x7C800000
LD 0x7C800180
LD 0x7CC003C0
LD 0x7C800300
LD 0x7D400100
LD 0x7803BCA00
LD 0x632D95F80
LD 0x5F3D25180
ST 0x7C800140
ST 0x7CC00000
LD 0x7C800140
LD 0x7C800240
LD 0x7CC00100
LD 0x7CC00280
ST 0x39A728980
LD 0x7D800380
LD 0x7CC00080
LD 0x1F88B0F00
LD 0x2AF134F00
LD 0x22E634180
LD 0x7D800340
LD 0x7D800300
ST 0x7CC00380
LD 0x7C800300
ST 0x7C800240
LD 0x7CC00040
ST 0x35B531B40
LD 0x7D4003C0
LD 0x7C800380
LD 0x7D800340
ST 0x7C800300
LD 0x7D800300
ST 0x4451B2440
ST 0x7CC00180
LD 0x5AC72F800
ST 0x7C800340
LD 0x37F0AA080
LD 0x2A33B4900
LD 0x7C800100
ST 0x308C9C300
LD 0x5A9B02600
LD 0x7D8001C0
LD 0x7C800380
ST 0x7D800140
LD 0x7CC00240
LD 0x7D400140
LD 0x6F2C9FB80
ST 0x7CC003C0
ST 0x7D800240
LD 0x7CC00080
LD 0x7CC002C0
LD 0x7D800200
LD 0x392B3DB40
LD 0x7D400180
ST 0x7D800380
LD 0x7C800040
ST 0x7C800300
LD 0x7C800280
LD 0x7CC00200
LD 0x7CC00300
LD 0x3D818FC80
ST 0x7CC00200
LD 0x7CC00280
LD 0x7719843C0
ST 0x7CC00280
LD 0x7C800240
ST 0x5AF98F1C0
LD 0x2972B6700
LD 0x11CFA7740
LD 0x6D1602080
LD 0x7C800240
ST 0x7D800340
LD 0x7CC00040
LD 0x2C36A0F80
